<?xml version="1.0" encoding="ISO-8859-1" ?>
<link_info>
   <banner>TI ARM Linker PC v20.2.2.LTS</banner>
   <copyright>Copyright (c) 1996-2018 Texas Instruments Incorporated</copyright>
   <link_time>0x608492a8</link_time>
   <link_errors>0x0</link_errors>
   <output_file>ESD_Final_Project.out</output_file>
   <entry_point>
      <name>_c_int00_noargs</name>
      <address>0x384d</address>
   </entry_point>
   <input_file_list>
      <input_file id="fl-2">
         <path>.\</path>
         <kind>object</kind>
         <file>PCD8544_Character.obj</file>
         <name>PCD8544_Character.obj</name>
      </input_file>
      <input_file id="fl-3">
         <path>.\</path>
         <kind>object</kind>
         <file>PCD8544_Core.obj</file>
         <name>PCD8544_Core.obj</name>
      </input_file>
      <input_file id="fl-4">
         <path>.\</path>
         <kind>object</kind>
         <file>PCD8544_Pixel.obj</file>
         <name>PCD8544_Pixel.obj</name>
      </input_file>
      <input_file id="fl-5">
         <path>.\</path>
         <kind>object</kind>
         <file>adxl345.obj</file>
         <name>adxl345.obj</name>
      </input_file>
      <input_file id="fl-6">
         <path>.\</path>
         <kind>object</kind>
         <file>cbfifo.obj</file>
         <name>cbfifo.obj</name>
      </input_file>
      <input_file id="fl-7">
         <path>.\</path>
         <kind>object</kind>
         <file>main.obj</file>
         <name>main.obj</name>
      </input_file>
      <input_file id="fl-8">
         <path>.\</path>
         <kind>object</kind>
         <file>spi.obj</file>
         <name>spi.obj</name>
      </input_file>
      <input_file id="fl-9">
         <path>.\</path>
         <kind>object</kind>
         <file>startup_msp432p401r_ccs.obj</file>
         <name>startup_msp432p401r_ccs.obj</name>
      </input_file>
      <input_file id="fl-a">
         <path>.\</path>
         <kind>object</kind>
         <file>system_msp432p401r.obj</file>
         <name>system_msp432p401r.obj</name>
      </input_file>
      <input_file id="fl-e">
         <kind>object</kind>
         <file>&lt;internal&gt;</file>
         <name>&lt;internal&gt;</name>
      </input_file>
      <input_file id="fl-c4">
         <path>D:\Program Files\ccs\tools\compiler\ti-cgt-arm_20.2.2.LTS\lib\</path>
         <kind>archive</kind>
         <file>rtsv7M4_T_le_v4SPD16_eabi.lib</file>
         <name>sprintf.c.obj</name>
      </input_file>
      <input_file id="fl-c5">
         <path>D:\Program Files\ccs\tools\compiler\ti-cgt-arm_20.2.2.LTS\lib\</path>
         <kind>archive</kind>
         <file>rtsv7M4_T_le_v4SPD16_eabi.lib</file>
         <name>memcpy_t2.asm.obj</name>
      </input_file>
      <input_file id="fl-c6">
         <path>D:\Program Files\ccs\tools\compiler\ti-cgt-arm_20.2.2.LTS\lib\</path>
         <kind>archive</kind>
         <file>rtsv7M4_T_le_v4SPD16_eabi.lib</file>
         <name>copy_zero_init.c.obj</name>
      </input_file>
      <input_file id="fl-c7">
         <path>D:\Program Files\ccs\tools\compiler\ti-cgt-arm_20.2.2.LTS\lib\</path>
         <kind>archive</kind>
         <file>rtsv7M4_T_le_v4SPD16_eabi.lib</file>
         <name>copy_decompress_none.c.obj</name>
      </input_file>
      <input_file id="fl-c8">
         <path>D:\Program Files\ccs\tools\compiler\ti-cgt-arm_20.2.2.LTS\lib\</path>
         <kind>archive</kind>
         <file>rtsv7M4_T_le_v4SPD16_eabi.lib</file>
         <name>copy_decompress_lzss.c.obj</name>
      </input_file>
      <input_file id="fl-c9">
         <path>D:\Program Files\ccs\tools\compiler\ti-cgt-arm_20.2.2.LTS\lib\</path>
         <kind>archive</kind>
         <file>rtsv7M4_T_le_v4SPD16_eabi.lib</file>
         <name>strchr.c.obj</name>
      </input_file>
      <input_file id="fl-ca">
         <path>D:\Program Files\ccs\tools\compiler\ti-cgt-arm_20.2.2.LTS\lib\</path>
         <kind>archive</kind>
         <file>rtsv7M4_T_le_v4SPD16_eabi.lib</file>
         <name>strlen.c.obj</name>
      </input_file>
      <input_file id="fl-cb">
         <path>D:\Program Files\ccs\tools\compiler\ti-cgt-arm_20.2.2.LTS\lib\</path>
         <kind>archive</kind>
         <file>rtsv7M4_T_le_v4SPD16_eabi.lib</file>
         <name>boot_cortex_m.c.obj</name>
      </input_file>
      <input_file id="fl-cc">
         <path>D:\Program Files\ccs\tools\compiler\ti-cgt-arm_20.2.2.LTS\lib\</path>
         <kind>archive</kind>
         <file>rtsv7M4_T_le_v4SPD16_eabi.lib</file>
         <name>_printfi.c.obj</name>
      </input_file>
      <input_file id="fl-cd">
         <path>D:\Program Files\ccs\tools\compiler\ti-cgt-arm_20.2.2.LTS\lib\</path>
         <kind>archive</kind>
         <file>rtsv7M4_T_le_v4SPD16_eabi.lib</file>
         <name>fd_add_t2.asm.obj</name>
      </input_file>
      <input_file id="fl-ce">
         <path>D:\Program Files\ccs\tools\compiler\ti-cgt-arm_20.2.2.LTS\lib\</path>
         <kind>archive</kind>
         <file>rtsv7M4_T_le_v4SPD16_eabi.lib</file>
         <name>fd_cmp_t2.asm.obj</name>
      </input_file>
      <input_file id="fl-cf">
         <path>D:\Program Files\ccs\tools\compiler\ti-cgt-arm_20.2.2.LTS\lib\</path>
         <kind>archive</kind>
         <file>rtsv7M4_T_le_v4SPD16_eabi.lib</file>
         <name>fd_div_t2.asm.obj</name>
      </input_file>
      <input_file id="fl-d0">
         <path>D:\Program Files\ccs\tools\compiler\ti-cgt-arm_20.2.2.LTS\lib\</path>
         <kind>archive</kind>
         <file>rtsv7M4_T_le_v4SPD16_eabi.lib</file>
         <name>fd_mul_t2.asm.obj</name>
      </input_file>
      <input_file id="fl-d1">
         <path>D:\Program Files\ccs\tools\compiler\ti-cgt-arm_20.2.2.LTS\lib\</path>
         <kind>archive</kind>
         <file>rtsv7M4_T_le_v4SPD16_eabi.lib</file>
         <name>fd_toi_t2.asm.obj</name>
      </input_file>
      <input_file id="fl-d2">
         <path>D:\Program Files\ccs\tools\compiler\ti-cgt-arm_20.2.2.LTS\lib\</path>
         <kind>archive</kind>
         <file>rtsv7M4_T_le_v4SPD16_eabi.lib</file>
         <name>i_tofd_t2.asm.obj</name>
      </input_file>
      <input_file id="fl-d3">
         <path>D:\Program Files\ccs\tools\compiler\ti-cgt-arm_20.2.2.LTS\lib\</path>
         <kind>archive</kind>
         <file>rtsv7M4_T_le_v4SPD16_eabi.lib</file>
         <name>ull_div_t2.asm.obj</name>
      </input_file>
      <input_file id="fl-d4">
         <path>D:\Program Files\ccs\tools\compiler\ti-cgt-arm_20.2.2.LTS\lib\</path>
         <kind>archive</kind>
         <file>rtsv7M4_T_le_v4SPD16_eabi.lib</file>
         <name>memset_t2.asm.obj</name>
      </input_file>
      <input_file id="fl-d5">
         <path>D:\Program Files\ccs\tools\compiler\ti-cgt-arm_20.2.2.LTS\lib\</path>
         <kind>archive</kind>
         <file>rtsv7M4_T_le_v4SPD16_eabi.lib</file>
         <name>autoinit.c.obj</name>
      </input_file>
      <input_file id="fl-d6">
         <path>D:\Program Files\ccs\tools\compiler\ti-cgt-arm_20.2.2.LTS\lib\</path>
         <kind>archive</kind>
         <file>rtsv7M4_T_le_v4SPD16_eabi.lib</file>
         <name>pre_init.c.obj</name>
      </input_file>
      <input_file id="fl-d7">
         <path>D:\Program Files\ccs\tools\compiler\ti-cgt-arm_20.2.2.LTS\lib\</path>
         <kind>archive</kind>
         <file>rtsv7M4_T_le_v4SPD16_eabi.lib</file>
         <name>cpy_tbl.c.obj</name>
      </input_file>
      <input_file id="fl-d8">
         <path>D:\Program Files\ccs\tools\compiler\ti-cgt-arm_20.2.2.LTS\lib\</path>
         <kind>archive</kind>
         <file>rtsv7M4_T_le_v4SPD16_eabi.lib</file>
         <name>exit.c.obj</name>
      </input_file>
      <input_file id="fl-d9">
         <path>D:\Program Files\ccs\tools\compiler\ti-cgt-arm_20.2.2.LTS\lib\</path>
         <kind>archive</kind>
         <file>rtsv7M4_T_le_v4SPD16_eabi.lib</file>
         <name>_lock.c.obj</name>
      </input_file>
      <input_file id="fl-da">
         <path>D:\Program Files\ccs\tools\compiler\ti-cgt-arm_20.2.2.LTS\lib\</path>
         <kind>archive</kind>
         <file>rtsv7M4_T_le_v4SPD16_eabi.lib</file>
         <name>_ltoa.c.obj</name>
      </input_file>
      <input_file id="fl-db">
         <path>D:\Program Files\ccs\tools\compiler\ti-cgt-arm_20.2.2.LTS\lib\</path>
         <kind>archive</kind>
         <file>rtsv7M4_T_le_v4SPD16_eabi.lib</file>
         <name>args_main.c.obj</name>
      </input_file>
      <input_file id="fl-dc">
         <path>D:\Program Files\ccs\tools\compiler\ti-cgt-arm_20.2.2.LTS\lib\</path>
         <kind>archive</kind>
         <file>rtsv7M4_T_le_v4SPD16_eabi.lib</file>
         <name>atoi.c.obj</name>
      </input_file>
      <input_file id="fl-dd">
         <path>D:\Program Files\ccs\tools\compiler\ti-cgt-arm_20.2.2.LTS\lib\</path>
         <kind>archive</kind>
         <file>rtsv7M4_T_le_v4SPD16_eabi.lib</file>
         <name>ctype.c.obj</name>
      </input_file>
      <input_file id="fl-de">
         <path>D:\Program Files\ccs\tools\compiler\ti-cgt-arm_20.2.2.LTS\lib\</path>
         <kind>archive</kind>
         <file>rtsv7M4_T_le_v4SPD16_eabi.lib</file>
         <name>memccpy.c.obj</name>
      </input_file>
      <input_file id="fl-df">
         <path>D:\Program Files\ccs\tools\compiler\ti-cgt-arm_20.2.2.LTS\lib\</path>
         <kind>archive</kind>
         <file>rtsv7M4_T_le_v4SPD16_eabi.lib</file>
         <name>errno.c.obj</name>
      </input_file>
      <input_file id="fl-e0">
         <path>D:\Program Files\ccs\tools\compiler\ti-cgt-arm_20.2.2.LTS\lib\</path>
         <kind>archive</kind>
         <file>rtsv7M4_T_le_v4SPD16_eabi.lib</file>
         <name>s_frexp.c.obj</name>
      </input_file>
      <input_file id="fl-e1">
         <path>D:\Program Files\ccs\tools\compiler\ti-cgt-arm_20.2.2.LTS\lib\</path>
         <kind>archive</kind>
         <file>rtsv7M4_T_le_v4SPD16_eabi.lib</file>
         <name>s_scalbn.c.obj</name>
      </input_file>
      <input_file id="fl-e2">
         <path>D:\Program Files\ccs\tools\compiler\ti-cgt-arm_20.2.2.LTS\lib\</path>
         <kind>archive</kind>
         <file>rtsv7M4_T_le_v4SPD16_eabi.lib</file>
         <name>wcslen.c.obj</name>
      </input_file>
      <input_file id="fl-e3">
         <path>D:\Program Files\ccs\tools\compiler\ti-cgt-arm_20.2.2.LTS\lib\</path>
         <kind>archive</kind>
         <file>rtsv7M4_T_le_v4SPD16_eabi.lib</file>
         <name>s_copysign.c.obj</name>
      </input_file>
      <input_file id="fl-e4">
         <path>D:\Program Files\ccs\tools\compiler\ti-cgt-arm_20.2.2.LTS\lib\</path>
         <kind>archive</kind>
         <file>rtsv7M4_T_le_v4SPD16_eabi.lib</file>
         <name>div0.asm.obj</name>
      </input_file>
   </input_file_list>
   <object_component_list>
      <object_component id="oc-26">
         <name>.intvecs:retain</name>
         <load_address>0x0</load_address>
         <run_address>0x0</run_address>
         <size>0xe4</size>
         <input_file_ref idref="fl-9"/>
      </object_component>
      <object_component id="oc-6d">
         <name>.text</name>
         <load_address>0xe4</load_address>
         <run_address>0xe4</run_address>
         <size>0x1194</size>
         <input_file_ref idref="fl-7"/>
      </object_component>
      <object_component id="oc-188">
         <name>.text:__TI_printfi</name>
         <load_address>0x1278</load_address>
         <run_address>0x1278</run_address>
         <size>0xa4e</size>
         <input_file_ref idref="fl-cc"/>
      </object_component>
      <object_component id="oc-2d2">
         <name>.text</name>
         <load_address>0x1cc6</load_address>
         <run_address>0x1cc6</run_address>
         <size>0x2</size>
         <input_file_ref idref="fl-e4"/>
      </object_component>
      <object_component id="oc-a5">
         <name>.text</name>
         <load_address>0x1cc8</load_address>
         <run_address>0x1cc8</run_address>
         <size>0x334</size>
         <input_file_ref idref="fl-a"/>
      </object_component>
      <object_component id="oc-1fe">
         <name>.text:_pconv_a</name>
         <load_address>0x1ffc</load_address>
         <run_address>0x1ffc</run_address>
         <size>0x270</size>
         <input_file_ref idref="fl-cc"/>
      </object_component>
      <object_component id="oc-1ec">
         <name>.text:_pconv_g</name>
         <load_address>0x226c</load_address>
         <run_address>0x226c</run_address>
         <size>0x1d0</size>
         <input_file_ref idref="fl-cc"/>
      </object_component>
      <object_component id="oc-272">
         <name>.text</name>
         <load_address>0x243c</load_address>
         <run_address>0x243c</run_address>
         <size>0x1b6</size>
         <input_file_ref idref="fl-cd"/>
      </object_component>
      <object_component id="oc-ac">
         <name>.text</name>
         <load_address>0x25f4</load_address>
         <run_address>0x25f4</run_address>
         <size>0x160</size>
         <input_file_ref idref="fl-3"/>
      </object_component>
      <object_component id="oc-c5">
         <name>.text</name>
         <load_address>0x2754</load_address>
         <run_address>0x2754</run_address>
         <size>0x15c</size>
         <input_file_ref idref="fl-6"/>
      </object_component>
      <object_component id="oc-dd">
         <name>.text</name>
         <load_address>0x28b0</load_address>
         <run_address>0x28b0</run_address>
         <size>0x148</size>
         <input_file_ref idref="fl-8"/>
      </object_component>
      <object_component id="oc-1f8">
         <name>.text:_pconv_e</name>
         <load_address>0x29f8</load_address>
         <run_address>0x29f8</run_address>
         <size>0x13c</size>
         <input_file_ref idref="fl-cc"/>
      </object_component>
      <object_component id="oc-258">
         <name>.text</name>
         <load_address>0x2b34</load_address>
         <run_address>0x2b34</run_address>
         <size>0x136</size>
         <input_file_ref idref="fl-cf"/>
      </object_component>
      <object_component id="oc-284">
         <name>.text:fcvt</name>
         <load_address>0x2c6c</load_address>
         <run_address>0x2c6c</run_address>
         <size>0x124</size>
         <input_file_ref idref="fl-cc"/>
      </object_component>
      <object_component id="oc-b8">
         <name>.text</name>
         <load_address>0x2d90</load_address>
         <run_address>0x2d90</run_address>
         <size>0x110</size>
         <input_file_ref idref="fl-5"/>
      </object_component>
      <object_component id="oc-298">
         <name>.text:scalbn</name>
         <load_address>0x2ea0</load_address>
         <run_address>0x2ea0</run_address>
         <size>0x110</size>
         <input_file_ref idref="fl-e1"/>
      </object_component>
      <object_component id="oc-253">
         <name>.text</name>
         <load_address>0x2fb0</load_address>
         <run_address>0x2fb0</run_address>
         <size>0xfc</size>
         <input_file_ref idref="fl-d0"/>
      </object_component>
      <object_component id="oc-1e1">
         <name>.text:_ltostr</name>
         <load_address>0x30ac</load_address>
         <run_address>0x30ac</run_address>
         <size>0xb1</size>
         <input_file_ref idref="fl-cc"/>
      </object_component>
      <object_component id="oc-37">
         <name>.text</name>
         <load_address>0x315e</load_address>
         <run_address>0x315e</run_address>
         <size>0x9c</size>
         <input_file_ref idref="fl-c5"/>
      </object_component>
      <object_component id="oc-24c">
         <name>.text</name>
         <load_address>0x31fa</load_address>
         <run_address>0x31fa</run_address>
         <size>0x96</size>
         <input_file_ref idref="fl-d3"/>
      </object_component>
      <object_component id="oc-1e7">
         <name>.text:__aeabi_cdcmple</name>
         <load_address>0x3290</load_address>
         <run_address>0x3290</run_address>
         <size>0x86</size>
         <input_file_ref idref="fl-ce"/>
      </object_component>
      <object_component id="oc-25d">
         <name>.text:__aeabi_cdrcmple</name>
         <load_address>0x3316</load_address>
         <run_address>0x3316</run_address>
         <size>0x86</size>
         <input_file_ref idref="fl-ce"/>
      </object_component>
      <object_component id="oc-8d">
         <name>.text</name>
         <load_address>0x339c</load_address>
         <run_address>0x339c</run_address>
         <size>0x7a</size>
         <input_file_ref idref="fl-d4"/>
      </object_component>
      <object_component id="oc-27d">
         <name>.text:_mcpy</name>
         <load_address>0x3416</load_address>
         <run_address>0x3416</run_address>
         <size>0x6e</size>
         <input_file_ref idref="fl-cc"/>
      </object_component>
      <object_component id="oc-e9">
         <name>.text</name>
         <load_address>0x3484</load_address>
         <run_address>0x3484</run_address>
         <size>0x6c</size>
         <input_file_ref idref="fl-2"/>
      </object_component>
      <object_component id="oc-17">
         <name>.text:decompress:lzss:__TI_decompress_lzss</name>
         <load_address>0x34f0</load_address>
         <run_address>0x34f0</run_address>
         <size>0x68</size>
         <input_file_ref idref="fl-c8"/>
      </object_component>
      <object_component id="oc-292">
         <name>.text:frexp</name>
         <load_address>0x3558</load_address>
         <run_address>0x3558</run_address>
         <size>0x64</size>
         <input_file_ref idref="fl-e0"/>
      </object_component>
      <object_component id="oc-1f2">
         <name>.text:_pconv_f</name>
         <load_address>0x35bc</load_address>
         <run_address>0x35bc</run_address>
         <size>0x56</size>
         <input_file_ref idref="fl-cc"/>
      </object_component>
      <object_component id="oc-267">
         <name>.text:__TI_ltoa</name>
         <load_address>0x3612</load_address>
         <run_address>0x3612</run_address>
         <size>0x54</size>
         <input_file_ref idref="fl-da"/>
      </object_component>
      <object_component id="oc-277">
         <name>.text:_ecpy</name>
         <load_address>0x3666</load_address>
         <run_address>0x3666</run_address>
         <size>0x52</size>
         <input_file_ref idref="fl-cc"/>
      </object_component>
      <object_component id="oc-1db">
         <name>.text:atoi</name>
         <load_address>0x36b8</load_address>
         <run_address>0x36b8</run_address>
         <size>0x4c</size>
         <input_file_ref idref="fl-dc"/>
      </object_component>
      <object_component id="oc-262">
         <name>.text</name>
         <load_address>0x3704</load_address>
         <run_address>0x3704</run_address>
         <size>0x48</size>
         <input_file_ref idref="fl-d1"/>
      </object_component>
      <object_component id="oc-120">
         <name>.text:__TI_auto_init_nobinit_nopinit:__TI_auto_init_nobinit_nopinit</name>
         <load_address>0x374c</load_address>
         <run_address>0x374c</run_address>
         <size>0x44</size>
         <input_file_ref idref="fl-d5"/>
      </object_component>
      <object_component id="oc-ef">
         <name>.text:sprintf</name>
         <load_address>0x3790</load_address>
         <run_address>0x3790</run_address>
         <size>0x40</size>
         <input_file_ref idref="fl-c4"/>
      </object_component>
      <object_component id="oc-28a">
         <name>.text:_fcpy</name>
         <load_address>0x37d0</load_address>
         <run_address>0x37d0</run_address>
         <size>0x3e</size>
         <input_file_ref idref="fl-cc"/>
      </object_component>
      <object_component id="oc-b2">
         <name>.text</name>
         <load_address>0x380e</load_address>
         <run_address>0x380e</run_address>
         <size>0x3c</size>
         <input_file_ref idref="fl-4"/>
      </object_component>
      <object_component id="oc-55">
         <name>.text:_c_int00_noargs:_c_int00_noargs</name>
         <load_address>0x384c</load_address>
         <run_address>0x384c</run_address>
         <size>0x34</size>
         <input_file_ref idref="fl-cb"/>
      </object_component>
      <object_component id="oc-26d">
         <name>.text</name>
         <load_address>0x3880</load_address>
         <run_address>0x3880</run_address>
         <size>0x2e</size>
         <input_file_ref idref="fl-d2"/>
      </object_component>
      <object_component id="oc-43">
         <name>.text:decompress:ZI:__TI_zero_init_nomemset:__TI_zero_init_nomemset</name>
         <load_address>0x38ae</load_address>
         <run_address>0x38ae</run_address>
         <size>0x1c</size>
         <input_file_ref idref="fl-c6"/>
      </object_component>
      <object_component id="oc-204">
         <name>.text:memccpy</name>
         <load_address>0x38ca</load_address>
         <run_address>0x38ca</run_address>
         <size>0x1c</size>
         <input_file_ref idref="fl-de"/>
      </object_component>
      <object_component id="oc-2eb">
         <name>.text:copysign</name>
         <load_address>0x38e6</load_address>
         <run_address>0x38e6</run_address>
         <size>0x1a</size>
         <input_file_ref idref="fl-e3"/>
      </object_component>
      <object_component id="oc-18e">
         <name>.text:_outs</name>
         <load_address>0x3900</load_address>
         <run_address>0x3900</run_address>
         <size>0x18</size>
         <input_file_ref idref="fl-c4"/>
      </object_component>
      <object_component id="oc-e3">
         <name>.text:strchr</name>
         <load_address>0x3918</load_address>
         <run_address>0x3918</run_address>
         <size>0x16</size>
         <input_file_ref idref="fl-c9"/>
      </object_component>
      <object_component id="oc-cf">
         <name>.text:strlen</name>
         <load_address>0x392e</load_address>
         <run_address>0x392e</run_address>
         <size>0x14</size>
         <input_file_ref idref="fl-ca"/>
      </object_component>
      <object_component id="oc-20a">
         <name>.text:wcslen</name>
         <load_address>0x3942</load_address>
         <run_address>0x3942</run_address>
         <size>0x12</size>
         <input_file_ref idref="fl-e2"/>
      </object_component>
      <object_component id="oc-1d">
         <name>.text:decompress:none:__TI_decompress_none</name>
         <load_address>0x3954</load_address>
         <run_address>0x3954</run_address>
         <size>0xe</size>
         <input_file_ref idref="fl-c7"/>
      </object_component>
      <object_component id="oc-67">
         <name>.text</name>
         <load_address>0x3962</load_address>
         <run_address>0x3962</run_address>
         <size>0xe</size>
         <input_file_ref idref="fl-9"/>
      </object_component>
      <object_component id="oc-194">
         <name>.text:_outc</name>
         <load_address>0x3970</load_address>
         <run_address>0x3970</run_address>
         <size>0xa</size>
         <input_file_ref idref="fl-c4"/>
      </object_component>
      <object_component id="oc-210">
         <name>.text:__aeabi_errno_addr</name>
         <load_address>0x397c</load_address>
         <run_address>0x397c</run_address>
         <size>0x8</size>
         <input_file_ref idref="fl-df"/>
      </object_component>
      <object_component id="oc-93">
         <name>.text:_system_pre_init</name>
         <load_address>0x3984</load_address>
         <run_address>0x3984</run_address>
         <size>0x4</size>
         <input_file_ref idref="fl-d6"/>
      </object_component>
      <object_component id="oc-114">
         <name>.text:abort:abort</name>
         <load_address>0x3988</load_address>
         <run_address>0x3988</run_address>
         <size>0x4</size>
         <input_file_ref idref="fl-d8"/>
      </object_component>
      <object_component id="oc-cb">
         <name>.const:.string:logo</name>
         <load_address>0x398c</load_address>
         <run_address>0x398c</run_address>
         <size>0x1f8</size>
         <input_file_ref idref="fl-7"/>
      </object_component>
      <object_component id="oc-183">
         <name>.const:font_table</name>
         <load_address>0x3b84</load_address>
         <run_address>0x3b84</run_address>
         <size>0x1e0</size>
         <input_file_ref idref="fl-2"/>
      </object_component>
      <object_component id="oc-247">
         <name>.const:.string:_ctypes_</name>
         <load_address>0x3d64</load_address>
         <run_address>0x3d64</run_address>
         <size>0x101</size>
         <input_file_ref idref="fl-dd"/>
      </object_component>
      <object_component id="oc-c2">
         <name>.const:.string:crc_table</name>
         <load_address>0x3e65</load_address>
         <run_address>0x3e65</run_address>
         <size>0x100</size>
         <input_file_ref idref="fl-7"/>
      </object_component>
      <object_component id="oc-17d">
         <name>.const:.string</name>
         <load_address>0x3f68</load_address>
         <run_address>0x3f68</run_address>
         <size>0xa8</size>
         <input_file_ref idref="fl-7"/>
      </object_component>
      <object_component id="oc-d7">
         <name>.const:.string:$P$T0$1</name>
         <load_address>0x4010</load_address>
         <run_address>0x4010</run_address>
         <size>0x5</size>
         <input_file_ref idref="fl-7"/>
      </object_component>
      <object_component id="oc-345">
         <name>.cinit..data.load</name>
         <load_address>0x4018</load_address>
         <run_address>0x4018</run_address>
         <size>0x2e</size>
      </object_component>
      <object_component id="oc-343">
         <name>__TI_handler_table</name>
         <load_address>0x4048</load_address>
         <run_address>0x4048</run_address>
         <size>0xc</size>
      </object_component>
      <object_component id="oc-346">
         <name>.cinit..bss.load</name>
         <load_address>0x4058</load_address>
         <run_address>0x4058</run_address>
         <size>0x8</size>
      </object_component>
      <object_component id="oc-344">
         <name>__TI_cinit_table</name>
         <load_address>0x4060</load_address>
         <run_address>0x4060</run_address>
         <size>0x10</size>
      </object_component>
      <object_component id="oc-317">
         <name>.binit</name>
         <load_address>0x0</load_address>
         <run_address>0x0</run_address>
         <size>0x0</size>
      </object_component>
      <object_component id="oc-172">
         <name>.data:Cbfifo</name>
         <load_address>0x20000000</load_address>
         <run_address>0x20000000</run_address>
         <size>0x806</size>
         <input_file_ref idref="fl-6"/>
      </object_component>
      <object_component id="oc-da">
         <name>.data</name>
         <load_address>0x20000808</load_address>
         <run_address>0x20000808</run_address>
         <size>0x24</size>
         <input_file_ref idref="fl-7"/>
      </object_component>
      <object_component id="oc-152">
         <name>.data</name>
         <load_address>0x20000830</load_address>
         <run_address>0x20000830</run_address>
         <size>0x4</size>
         <input_file_ref idref="fl-a"/>
      </object_component>
      <object_component id="oc-2a8">
         <name>.data</name>
         <load_address>0x2000082c</load_address>
         <run_address>0x2000082c</run_address>
         <size>0x4</size>
         <input_file_ref idref="fl-df"/>
      </object_component>
      <object_component id="oc-d5">
         <name>.common:command</name>
         <uninitialized>true</uninitialized>
         <run_address>0x20000834</run_address>
         <size>0x64</size>
      </object_component>
      <object_component id="oc-d6">
         <name>.common:cmdptr</name>
         <uninitialized>true</uninitialized>
         <run_address>0x200008a8</run_address>
         <size>0x1</size>
      </object_component>
      <object_component id="oc-f5">
         <name>.common:processflag</name>
         <uninitialized>true</uninitialized>
         <run_address>0x200008a9</run_address>
         <size>0x1</size>
      </object_component>
      <object_component id="oc-c1">
         <name>.common:cur_time</name>
         <uninitialized>true</uninitialized>
         <run_address>0x20000898</run_address>
         <size>0x4</size>
      </object_component>
      <object_component id="oc-be">
         <name>.common:ref_time</name>
         <uninitialized>true</uninitialized>
         <run_address>0x200008a0</run_address>
         <size>0x4</size>
      </object_component>
      <object_component id="oc-f6">
         <name>.common:millis</name>
         <uninitialized>true</uninitialized>
         <run_address>0x2000089c</run_address>
         <size>0x4</size>
      </object_component>
      <object_component id="oc-ce">
         <name>.common:ultra_read</name>
         <uninitialized>true</uninitialized>
         <run_address>0x200008a4</run_address>
         <size>0x4</size>
      </object_component>
      <object_component id="oc-29">
         <name>.stack</name>
         <uninitialized>true</uninitialized>
         <run_address>0x2000fe00</run_address>
         <size>0x4</size>
         <input_file_ref idref="fl-cb"/>
      </object_component>
      <object_component id="oc-348">
         <name>.stack</name>
         <uninitialized>true</uninitialized>
         <run_address>0x2000fe00</run_address>
         <size>0x0</size>
      </object_component>
      <object_component id="oc-187">
         <name>.debug_info</name>
         <load_address>0x0</load_address>
         <run_address>0x0</run_address>
         <size>0x5d1</size>
         <input_file_ref idref="fl-2"/>
      </object_component>
      <object_component id="oc-184">
         <name>.debug_info</name>
         <load_address>0x5d1</load_address>
         <run_address>0x5d1</run_address>
         <size>0xe5</size>
         <input_file_ref idref="fl-2"/>
      </object_component>
      <object_component id="oc-ea">
         <name>.debug_info</name>
         <load_address>0x6b6</load_address>
         <run_address>0x6b6</run_address>
         <size>0x24e</size>
         <input_file_ref idref="fl-2"/>
      </object_component>
      <object_component id="oc-ff">
         <name>.debug_info</name>
         <load_address>0x904</load_address>
         <run_address>0x904</run_address>
         <size>0x26b</size>
         <input_file_ref idref="fl-2"/>
      </object_component>
      <object_component id="oc-166">
         <name>.debug_info</name>
         <load_address>0xb6f</load_address>
         <run_address>0xb6f</run_address>
         <size>0x1055</size>
         <input_file_ref idref="fl-2"/>
      </object_component>
      <object_component id="oc-15a">
         <name>.debug_info</name>
         <load_address>0x1bc4</load_address>
         <run_address>0x1bc4</run_address>
         <size>0x37e2</size>
         <input_file_ref idref="fl-2"/>
      </object_component>
      <object_component id="oc-32">
         <name>.debug_info</name>
         <load_address>0x53a6</load_address>
         <run_address>0x53a6</run_address>
         <size>0x84</size>
         <input_file_ref idref="fl-2"/>
      </object_component>
      <object_component id="oc-1a1">
         <name>.debug_info</name>
         <load_address>0x542a</load_address>
         <run_address>0x542a</run_address>
         <size>0x2a4</size>
         <input_file_ref idref="fl-2"/>
      </object_component>
      <object_component id="oc-f8">
         <name>.debug_info</name>
         <load_address>0x56ce</load_address>
         <run_address>0x56ce</run_address>
         <size>0xbb</size>
         <input_file_ref idref="fl-2"/>
      </object_component>
      <object_component id="oc-ae">
         <name>.debug_info</name>
         <load_address>0x5789</load_address>
         <run_address>0x5789</run_address>
         <size>0x57f</size>
         <input_file_ref idref="fl-3"/>
      </object_component>
      <object_component id="oc-158">
         <name>.debug_info</name>
         <load_address>0x5d08</load_address>
         <run_address>0x5d08</run_address>
         <size>0x575</size>
         <input_file_ref idref="fl-4"/>
      </object_component>
      <object_component id="oc-b3">
         <name>.debug_info</name>
         <load_address>0x627d</load_address>
         <run_address>0x627d</run_address>
         <size>0x181</size>
         <input_file_ref idref="fl-4"/>
      </object_component>
      <object_component id="oc-b9">
         <name>.debug_info</name>
         <load_address>0x63fe</load_address>
         <run_address>0x63fe</run_address>
         <size>0x3d6</size>
         <input_file_ref idref="fl-5"/>
      </object_component>
      <object_component id="oc-176">
         <name>.debug_info</name>
         <load_address>0x67d4</load_address>
         <run_address>0x67d4</run_address>
         <size>0x29f</size>
         <input_file_ref idref="fl-6"/>
      </object_component>
      <object_component id="oc-173">
         <name>.debug_info</name>
         <load_address>0x6a73</load_address>
         <run_address>0x6a73</run_address>
         <size>0xd2</size>
         <input_file_ref idref="fl-6"/>
      </object_component>
      <object_component id="oc-c6">
         <name>.debug_info</name>
         <load_address>0x6b45</load_address>
         <run_address>0x6b45</run_address>
         <size>0x3d8</size>
         <input_file_ref idref="fl-6"/>
      </object_component>
      <object_component id="oc-16b">
         <name>.debug_info</name>
         <load_address>0x6f1d</load_address>
         <run_address>0x6f1d</run_address>
         <size>0x110</size>
         <input_file_ref idref="fl-6"/>
      </object_component>
      <object_component id="oc-1cc">
         <name>.debug_info</name>
         <load_address>0x702d</load_address>
         <run_address>0x702d</run_address>
         <size>0x81</size>
         <input_file_ref idref="fl-6"/>
      </object_component>
      <object_component id="oc-bf">
         <name>.debug_info</name>
         <load_address>0x70ae</load_address>
         <run_address>0x70ae</run_address>
         <size>0x94a</size>
         <input_file_ref idref="fl-7"/>
      </object_component>
      <object_component id="oc-db">
         <name>.debug_info</name>
         <load_address>0x79f8</load_address>
         <run_address>0x79f8</run_address>
         <size>0x1bf</size>
         <input_file_ref idref="fl-7"/>
      </object_component>
      <object_component id="oc-c3">
         <name>.debug_info</name>
         <load_address>0x7bb7</load_address>
         <run_address>0x7bb7</run_address>
         <size>0xd5</size>
         <input_file_ref idref="fl-7"/>
      </object_component>
      <object_component id="oc-cc">
         <name>.debug_info</name>
         <load_address>0x7c8c</load_address>
         <run_address>0x7c8c</run_address>
         <size>0xcb</size>
         <input_file_ref idref="fl-7"/>
      </object_component>
      <object_component id="oc-d8">
         <name>.debug_info</name>
         <load_address>0x7d57</load_address>
         <run_address>0x7d57</run_address>
         <size>0xd2</size>
         <input_file_ref idref="fl-7"/>
      </object_component>
      <object_component id="oc-6e">
         <name>.debug_info</name>
         <load_address>0x7e29</load_address>
         <run_address>0x7e29</run_address>
         <size>0xfd8</size>
         <input_file_ref idref="fl-7"/>
      </object_component>
      <object_component id="oc-161">
         <name>.debug_info</name>
         <load_address>0x8e01</load_address>
         <run_address>0x8e01</run_address>
         <size>0x37e2</size>
         <input_file_ref idref="fl-7"/>
      </object_component>
      <object_component id="oc-19c">
         <name>.debug_info</name>
         <load_address>0xc5e3</load_address>
         <run_address>0xc5e3</run_address>
         <size>0x2c</size>
         <input_file_ref idref="fl-7"/>
      </object_component>
      <object_component id="oc-e1">
         <name>.debug_info</name>
         <load_address>0xc60f</load_address>
         <run_address>0xc60f</run_address>
         <size>0x22c</size>
         <input_file_ref idref="fl-8"/>
      </object_component>
      <object_component id="oc-75">
         <name>.debug_info</name>
         <load_address>0xc83b</load_address>
         <run_address>0xc83b</run_address>
         <size>0x2cb</size>
         <input_file_ref idref="fl-9"/>
      </object_component>
      <object_component id="oc-27">
         <name>.debug_info</name>
         <load_address>0xcb06</load_address>
         <run_address>0xcb06</run_address>
         <size>0xf7</size>
         <input_file_ref idref="fl-9"/>
      </object_component>
      <object_component id="oc-68">
         <name>.debug_info</name>
         <load_address>0xcbfd</load_address>
         <run_address>0xcbfd</run_address>
         <size>0x1be</size>
         <input_file_ref idref="fl-9"/>
      </object_component>
      <object_component id="oc-153">
         <name>.debug_info</name>
         <load_address>0xcdbb</load_address>
         <run_address>0xcdbb</run_address>
         <size>0xf0</size>
         <input_file_ref idref="fl-a"/>
      </object_component>
      <object_component id="oc-a6">
         <name>.debug_info</name>
         <load_address>0xceab</load_address>
         <run_address>0xceab</run_address>
         <size>0x262</size>
         <input_file_ref idref="fl-a"/>
      </object_component>
      <object_component id="oc-19b">
         <name>.debug_info</name>
         <load_address>0xd10d</load_address>
         <run_address>0xd10d</run_address>
         <size>0x333</size>
         <input_file_ref idref="fl-c4"/>
      </object_component>
      <object_component id="oc-f3">
         <name>.debug_info</name>
         <load_address>0xd440</load_address>
         <run_address>0xd440</run_address>
         <size>0x1d1</size>
         <input_file_ref idref="fl-c4"/>
      </object_component>
      <object_component id="oc-192">
         <name>.debug_info</name>
         <load_address>0xd611</load_address>
         <run_address>0xd611</run_address>
         <size>0x18d</size>
         <input_file_ref idref="fl-c4"/>
      </object_component>
      <object_component id="oc-197">
         <name>.debug_info</name>
         <load_address>0xd79e</load_address>
         <run_address>0xd79e</run_address>
         <size>0x16d</size>
         <input_file_ref idref="fl-c4"/>
      </object_component>
      <object_component id="oc-2af">
         <name>.debug_info</name>
         <load_address>0xd90b</load_address>
         <run_address>0xd90b</run_address>
         <size>0x2c</size>
         <input_file_ref idref="fl-c4"/>
      </object_component>
      <object_component id="oc-39">
         <name>.debug_info</name>
         <load_address>0xd937</load_address>
         <run_address>0xd937</run_address>
         <size>0x119</size>
         <input_file_ref idref="fl-c5"/>
      </object_component>
      <object_component id="oc-8c">
         <name>.debug_info</name>
         <load_address>0xda50</load_address>
         <run_address>0xda50</run_address>
         <size>0x2d4</size>
         <input_file_ref idref="fl-c6"/>
      </object_component>
      <object_component id="oc-44">
         <name>.debug_info</name>
         <load_address>0xdd24</load_address>
         <run_address>0xdd24</run_address>
         <size>0x1d2</size>
         <input_file_ref idref="fl-c6"/>
      </object_component>
      <object_component id="oc-87">
         <name>.debug_info</name>
         <load_address>0xdef6</load_address>
         <run_address>0xdef6</run_address>
         <size>0x46</size>
         <input_file_ref idref="fl-c6"/>
      </object_component>
      <object_component id="oc-10b">
         <name>.debug_info</name>
         <load_address>0xdf3c</load_address>
         <run_address>0xdf3c</run_address>
         <size>0x2c</size>
         <input_file_ref idref="fl-c6"/>
      </object_component>
      <object_component id="oc-42">
         <name>.debug_info</name>
         <load_address>0xdf68</load_address>
         <run_address>0xdf68</run_address>
         <size>0x2a8</size>
         <input_file_ref idref="fl-c7"/>
      </object_component>
      <object_component id="oc-21">
         <name>.debug_info</name>
         <load_address>0xe210</load_address>
         <run_address>0xe210</run_address>
         <size>0x1ea</size>
         <input_file_ref idref="fl-c7"/>
      </object_component>
      <object_component id="oc-3d">
         <name>.debug_info</name>
         <load_address>0xe3fa</load_address>
         <run_address>0xe3fa</run_address>
         <size>0x46</size>
         <input_file_ref idref="fl-c7"/>
      </object_component>
      <object_component id="oc-7f">
         <name>.debug_info</name>
         <load_address>0xe440</load_address>
         <run_address>0xe440</run_address>
         <size>0x2c</size>
         <input_file_ref idref="fl-c7"/>
      </object_component>
      <object_component id="oc-7d">
         <name>.debug_info</name>
         <load_address>0xe46c</load_address>
         <run_address>0xe46c</run_address>
         <size>0x29e</size>
         <input_file_ref idref="fl-c8"/>
      </object_component>
      <object_component id="oc-19">
         <name>.debug_info</name>
         <load_address>0xe70a</load_address>
         <run_address>0xe70a</run_address>
         <size>0x250</size>
         <input_file_ref idref="fl-c8"/>
      </object_component>
      <object_component id="oc-2d">
         <name>.debug_info</name>
         <load_address>0xe95a</load_address>
         <run_address>0xe95a</run_address>
         <size>0x60</size>
         <input_file_ref idref="fl-c8"/>
      </object_component>
      <object_component id="oc-104">
         <name>.debug_info</name>
         <load_address>0xe9ba</load_address>
         <run_address>0xe9ba</run_address>
         <size>0x46</size>
         <input_file_ref idref="fl-c8"/>
      </object_component>
      <object_component id="oc-78">
         <name>.debug_info</name>
         <load_address>0xea00</load_address>
         <run_address>0xea00</run_address>
         <size>0x39</size>
         <input_file_ref idref="fl-c8"/>
      </object_component>
      <object_component id="oc-182">
         <name>.debug_info</name>
         <load_address>0xea39</load_address>
         <run_address>0xea39</run_address>
         <size>0x29a</size>
         <input_file_ref idref="fl-c9"/>
      </object_component>
      <object_component id="oc-e6">
         <name>.debug_info</name>
         <load_address>0xecd3</load_address>
         <run_address>0xecd3</run_address>
         <size>0x262</size>
         <input_file_ref idref="fl-c9"/>
      </object_component>
      <object_component id="oc-17a">
         <name>.debug_info</name>
         <load_address>0xef35</load_address>
         <run_address>0xef35</run_address>
         <size>0x28f</size>
         <input_file_ref idref="fl-ca"/>
      </object_component>
      <object_component id="oc-d0">
         <name>.debug_info</name>
         <load_address>0xf1c4</load_address>
         <run_address>0xf1c4</run_address>
         <size>0x245</size>
         <input_file_ref idref="fl-ca"/>
      </object_component>
      <object_component id="oc-2a">
         <name>.debug_info</name>
         <load_address>0xf409</load_address>
         <run_address>0xf409</run_address>
         <size>0x10b</size>
         <input_file_ref idref="fl-cb"/>
      </object_component>
      <object_component id="oc-58">
         <name>.debug_info</name>
         <load_address>0xf514</load_address>
         <run_address>0xf514</run_address>
         <size>0x1a9</size>
         <input_file_ref idref="fl-cb"/>
      </object_component>
      <object_component id="oc-217">
         <name>.debug_info</name>
         <load_address>0xf6bd</load_address>
         <run_address>0xf6bd</run_address>
         <size>0x590</size>
         <input_file_ref idref="fl-cc"/>
      </object_component>
      <object_component id="oc-1e4">
         <name>.debug_info</name>
         <load_address>0xfc4d</load_address>
         <run_address>0xfc4d</run_address>
         <size>0x21e</size>
         <input_file_ref idref="fl-cc"/>
      </object_component>
      <object_component id="oc-27a">
         <name>.debug_info</name>
         <load_address>0xfe6b</load_address>
         <run_address>0xfe6b</run_address>
         <size>0x1b3</size>
         <input_file_ref idref="fl-cc"/>
      </object_component>
      <object_component id="oc-280">
         <name>.debug_info</name>
         <load_address>0x1001e</load_address>
         <run_address>0x1001e</run_address>
         <size>0x21b</size>
         <input_file_ref idref="fl-cc"/>
      </object_component>
      <object_component id="oc-1ef">
         <name>.debug_info</name>
         <load_address>0x10239</load_address>
         <run_address>0x10239</run_address>
         <size>0x3c0</size>
         <input_file_ref idref="fl-cc"/>
      </object_component>
      <object_component id="oc-287">
         <name>.debug_info</name>
         <load_address>0x105f9</load_address>
         <run_address>0x105f9</run_address>
         <size>0x30a</size>
         <input_file_ref idref="fl-cc"/>
      </object_component>
      <object_component id="oc-28d">
         <name>.debug_info</name>
         <load_address>0x10903</load_address>
         <run_address>0x10903</run_address>
         <size>0x215</size>
         <input_file_ref idref="fl-cc"/>
      </object_component>
      <object_component id="oc-1f5">
         <name>.debug_info</name>
         <load_address>0x10b18</load_address>
         <run_address>0x10b18</run_address>
         <size>0x215</size>
         <input_file_ref idref="fl-cc"/>
      </object_component>
      <object_component id="oc-1fb">
         <name>.debug_info</name>
         <load_address>0x10d2d</load_address>
         <run_address>0x10d2d</run_address>
         <size>0x304</size>
         <input_file_ref idref="fl-cc"/>
      </object_component>
      <object_component id="oc-201">
         <name>.debug_info</name>
         <load_address>0x11031</load_address>
         <run_address>0x11031</run_address>
         <size>0x4b5</size>
         <input_file_ref idref="fl-cc"/>
      </object_component>
      <object_component id="oc-18b">
         <name>.debug_info</name>
         <load_address>0x114e6</load_address>
         <run_address>0x114e6</run_address>
         <size>0x5f4</size>
         <input_file_ref idref="fl-cc"/>
      </object_component>
      <object_component id="oc-218">
         <name>.debug_info</name>
         <load_address>0x11ada</load_address>
         <run_address>0x11ada</run_address>
         <size>0x86</size>
         <input_file_ref idref="fl-cc"/>
      </object_component>
      <object_component id="oc-2b4">
         <name>.debug_info</name>
         <load_address>0x11b60</load_address>
         <run_address>0x11b60</run_address>
         <size>0x39</size>
         <input_file_ref idref="fl-cc"/>
      </object_component>
      <object_component id="oc-300">
         <name>.debug_info</name>
         <load_address>0x11b99</load_address>
         <run_address>0x11b99</run_address>
         <size>0xb6</size>
         <input_file_ref idref="fl-cc"/>
      </object_component>
      <object_component id="oc-2b9">
         <name>.debug_info</name>
         <load_address>0x11c4f</load_address>
         <run_address>0x11c4f</run_address>
         <size>0x46</size>
         <input_file_ref idref="fl-cc"/>
      </object_component>
      <object_component id="oc-21d">
         <name>.debug_info</name>
         <load_address>0x11c95</load_address>
         <run_address>0x11c95</run_address>
         <size>0x46</size>
         <input_file_ref idref="fl-cc"/>
      </object_component>
      <object_component id="oc-274">
         <name>.debug_info</name>
         <load_address>0x11cdb</load_address>
         <run_address>0x11cdb</run_address>
         <size>0x14c</size>
         <input_file_ref idref="fl-cd"/>
      </object_component>
      <object_component id="oc-1e8">
         <name>.debug_info</name>
         <load_address>0x11e27</load_address>
         <run_address>0x11e27</run_address>
         <size>0x128</size>
         <input_file_ref idref="fl-ce"/>
      </object_component>
      <object_component id="oc-260">
         <name>.debug_info</name>
         <load_address>0x11f4f</load_address>
         <run_address>0x11f4f</run_address>
         <size>0x12a</size>
         <input_file_ref idref="fl-ce"/>
      </object_component>
      <object_component id="oc-25a">
         <name>.debug_info</name>
         <load_address>0x12079</load_address>
         <run_address>0x12079</run_address>
         <size>0x13a</size>
         <input_file_ref idref="fl-cf"/>
      </object_component>
      <object_component id="oc-254">
         <name>.debug_info</name>
         <load_address>0x121b3</load_address>
         <run_address>0x121b3</run_address>
         <size>0x13a</size>
         <input_file_ref idref="fl-d0"/>
      </object_component>
      <object_component id="oc-263">
         <name>.debug_info</name>
         <load_address>0x122ed</load_address>
         <run_address>0x122ed</run_address>
         <size>0x12e</size>
         <input_file_ref idref="fl-d1"/>
      </object_component>
      <object_component id="oc-26e">
         <name>.debug_info</name>
         <load_address>0x1241b</load_address>
         <run_address>0x1241b</run_address>
         <size>0x12c</size>
         <input_file_ref idref="fl-d2"/>
      </object_component>
      <object_component id="oc-24d">
         <name>.debug_info</name>
         <load_address>0x12547</load_address>
         <run_address>0x12547</run_address>
         <size>0x134</size>
         <input_file_ref idref="fl-d3"/>
      </object_component>
      <object_component id="oc-8f">
         <name>.debug_info</name>
         <load_address>0x1267b</load_address>
         <run_address>0x1267b</run_address>
         <size>0x147</size>
         <input_file_ref idref="fl-d4"/>
      </object_component>
      <object_component id="oc-1b1">
         <name>.debug_info</name>
         <load_address>0x127c2</load_address>
         <run_address>0x127c2</run_address>
         <size>0x4b3</size>
         <input_file_ref idref="fl-d5"/>
      </object_component>
      <object_component id="oc-121">
         <name>.debug_info</name>
         <load_address>0x12c75</load_address>
         <run_address>0x12c75</run_address>
         <size>0x1a6</size>
         <input_file_ref idref="fl-d5"/>
      </object_component>
      <object_component id="oc-236">
         <name>.debug_info</name>
         <load_address>0x12e1b</load_address>
         <run_address>0x12e1b</run_address>
         <size>0x39</size>
         <input_file_ref idref="fl-d5"/>
      </object_component>
      <object_component id="oc-2c1">
         <name>.debug_info</name>
         <load_address>0x12e54</load_address>
         <run_address>0x12e54</run_address>
         <size>0x39</size>
         <input_file_ref idref="fl-d5"/>
      </object_component>
      <object_component id="oc-23b">
         <name>.debug_info</name>
         <load_address>0x12e8d</load_address>
         <run_address>0x12e8d</run_address>
         <size>0x39</size>
         <input_file_ref idref="fl-d5"/>
      </object_component>
      <object_component id="oc-240">
         <name>.debug_info</name>
         <load_address>0x12ec6</load_address>
         <run_address>0x12ec6</run_address>
         <size>0xcd</size>
         <input_file_ref idref="fl-d5"/>
      </object_component>
      <object_component id="oc-97">
         <name>.debug_info</name>
         <load_address>0x12f93</load_address>
         <run_address>0x12f93</run_address>
         <size>0x153</size>
         <input_file_ref idref="fl-d6"/>
      </object_component>
      <object_component id="oc-117">
         <name>.debug_info</name>
         <load_address>0x130e6</load_address>
         <run_address>0x130e6</run_address>
         <size>0x122</size>
         <input_file_ref idref="fl-d8"/>
      </object_component>
      <object_component id="oc-2dd">
         <name>.debug_info</name>
         <load_address>0x13208</load_address>
         <run_address>0x13208</run_address>
         <size>0x29c</size>
         <input_file_ref idref="fl-da"/>
      </object_component>
      <object_component id="oc-268">
         <name>.debug_info</name>
         <load_address>0x134a4</load_address>
         <run_address>0x134a4</run_address>
         <size>0x1da</size>
         <input_file_ref idref="fl-da"/>
      </object_component>
      <object_component id="oc-24b">
         <name>.debug_info</name>
         <load_address>0x1367e</load_address>
         <run_address>0x1367e</run_address>
         <size>0x2b9</size>
         <input_file_ref idref="fl-dc"/>
      </object_component>
      <object_component id="oc-1dc">
         <name>.debug_info</name>
         <load_address>0x13937</load_address>
         <run_address>0x13937</run_address>
         <size>0x17c</size>
         <input_file_ref idref="fl-dc"/>
      </object_component>
      <object_component id="oc-2cf">
         <name>.debug_info</name>
         <load_address>0x13ab3</load_address>
         <run_address>0x13ab3</run_address>
         <size>0xf9</size>
         <input_file_ref idref="fl-dd"/>
      </object_component>
      <object_component id="oc-248">
         <name>.debug_info</name>
         <load_address>0x13bac</load_address>
         <run_address>0x13bac</run_address>
         <size>0x105</size>
         <input_file_ref idref="fl-dd"/>
      </object_component>
      <object_component id="oc-2a0">
         <name>.debug_info</name>
         <load_address>0x13cb1</load_address>
         <run_address>0x13cb1</run_address>
         <size>0x2a7</size>
         <input_file_ref idref="fl-de"/>
      </object_component>
      <object_component id="oc-208">
         <name>.debug_info</name>
         <load_address>0x13f58</load_address>
         <run_address>0x13f58</run_address>
         <size>0x1b8</size>
         <input_file_ref idref="fl-de"/>
      </object_component>
      <object_component id="oc-2ac">
         <name>.debug_info</name>
         <load_address>0x14110</load_address>
         <run_address>0x14110</run_address>
         <size>0x289</size>
         <input_file_ref idref="fl-df"/>
      </object_component>
      <object_component id="oc-2a9">
         <name>.debug_info</name>
         <load_address>0x14399</load_address>
         <run_address>0x14399</run_address>
         <size>0x10e</size>
         <input_file_ref idref="fl-df"/>
      </object_component>
      <object_component id="oc-211">
         <name>.debug_info</name>
         <load_address>0x144a7</load_address>
         <run_address>0x144a7</run_address>
         <size>0x14e</size>
         <input_file_ref idref="fl-df"/>
      </object_component>
      <object_component id="oc-2e5">
         <name>.debug_info</name>
         <load_address>0x145f5</load_address>
         <run_address>0x145f5</run_address>
         <size>0x29a</size>
         <input_file_ref idref="fl-e0"/>
      </object_component>
      <object_component id="oc-294">
         <name>.debug_info</name>
         <load_address>0x1488f</load_address>
         <run_address>0x1488f</run_address>
         <size>0x195</size>
         <input_file_ref idref="fl-e0"/>
      </object_component>
      <object_component id="oc-30c">
         <name>.debug_info</name>
         <load_address>0x14a24</load_address>
         <run_address>0x14a24</run_address>
         <size>0x39</size>
         <input_file_ref idref="fl-e0"/>
      </object_component>
      <object_component id="oc-2e6">
         <name>.debug_info</name>
         <load_address>0x14a5d</load_address>
         <run_address>0x14a5d</run_address>
         <size>0x2c</size>
         <input_file_ref idref="fl-e0"/>
      </object_component>
      <object_component id="oc-2f2">
         <name>.debug_info</name>
         <load_address>0x14a89</load_address>
         <run_address>0x14a89</run_address>
         <size>0x2fd</size>
         <input_file_ref idref="fl-e1"/>
      </object_component>
      <object_component id="oc-299">
         <name>.debug_info</name>
         <load_address>0x14d86</load_address>
         <run_address>0x14d86</run_address>
         <size>0x225</size>
         <input_file_ref idref="fl-e1"/>
      </object_component>
      <object_component id="oc-2a7">
         <name>.debug_info</name>
         <load_address>0x14fab</load_address>
         <run_address>0x14fab</run_address>
         <size>0x28f</size>
         <input_file_ref idref="fl-e2"/>
      </object_component>
      <object_component id="oc-20b">
         <name>.debug_info</name>
         <load_address>0x1523a</load_address>
         <run_address>0x1523a</run_address>
         <size>0x15a</size>
         <input_file_ref idref="fl-e2"/>
      </object_component>
      <object_component id="oc-2f5">
         <name>.debug_info</name>
         <load_address>0x15394</load_address>
         <run_address>0x15394</run_address>
         <size>0x46</size>
         <input_file_ref idref="fl-e2"/>
      </object_component>
      <object_component id="oc-2a2">
         <name>.debug_info</name>
         <load_address>0x153da</load_address>
         <run_address>0x153da</run_address>
         <size>0x39</size>
         <input_file_ref idref="fl-e2"/>
      </object_component>
      <object_component id="oc-2ec">
         <name>.debug_info</name>
         <load_address>0x15413</load_address>
         <run_address>0x15413</run_address>
         <size>0x161</size>
         <input_file_ref idref="fl-e3"/>
      </object_component>
      <object_component id="oc-2d3">
         <name>.debug_info</name>
         <load_address>0x15574</load_address>
         <run_address>0x15574</run_address>
         <size>0x115</size>
         <input_file_ref idref="fl-e4"/>
      </object_component>
      <object_component id="oc-349">
         <name>.debug_info</name>
         <load_address>0x15689</load_address>
         <run_address>0x15689</run_address>
         <size>0xa3</size>
      </object_component>
      <object_component id="oc-1da">
         <name>.debug_line</name>
         <load_address>0x0</load_address>
         <run_address>0x0</run_address>
         <size>0x35</size>
         <input_file_ref idref="fl-2"/>
      </object_component>
      <object_component id="oc-1d8">
         <name>.debug_line</name>
         <load_address>0x35</load_address>
         <run_address>0x35</run_address>
         <size>0x3a</size>
         <input_file_ref idref="fl-2"/>
      </object_component>
      <object_component id="oc-ee">
         <name>.debug_line</name>
         <load_address>0x6f</load_address>
         <run_address>0x6f</run_address>
         <size>0x83</size>
         <input_file_ref idref="fl-2"/>
      </object_component>
      <object_component id="oc-102">
         <name>.debug_line</name>
         <load_address>0xf2</load_address>
         <run_address>0xf2</run_address>
         <size>0x72</size>
         <input_file_ref idref="fl-2"/>
      </object_component>
      <object_component id="oc-169">
         <name>.debug_line</name>
         <load_address>0x164</load_address>
         <run_address>0x164</run_address>
         <size>0x5e</size>
         <input_file_ref idref="fl-2"/>
      </object_component>
      <object_component id="oc-15d">
         <name>.debug_line</name>
         <load_address>0x1c2</load_address>
         <run_address>0x1c2</run_address>
         <size>0x5b</size>
         <input_file_ref idref="fl-2"/>
      </object_component>
      <object_component id="oc-35">
         <name>.debug_line</name>
         <load_address>0x21d</load_address>
         <run_address>0x21d</run_address>
         <size>0x20</size>
         <input_file_ref idref="fl-2"/>
      </object_component>
      <object_component id="oc-1a4">
         <name>.debug_line</name>
         <load_address>0x23d</load_address>
         <run_address>0x23d</run_address>
         <size>0x76</size>
         <input_file_ref idref="fl-2"/>
      </object_component>
      <object_component id="oc-fb">
         <name>.debug_line</name>
         <load_address>0x2b3</load_address>
         <run_address>0x2b3</run_address>
         <size>0x73</size>
         <input_file_ref idref="fl-2"/>
      </object_component>
      <object_component id="oc-b1">
         <name>.debug_line</name>
         <load_address>0x326</load_address>
         <run_address>0x326</run_address>
         <size>0x10d</size>
         <input_file_ref idref="fl-3"/>
      </object_component>
      <object_component id="oc-1c9">
         <name>.debug_line</name>
         <load_address>0x433</load_address>
         <run_address>0x433</run_address>
         <size>0x35</size>
         <input_file_ref idref="fl-4"/>
      </object_component>
      <object_component id="oc-b6">
         <name>.debug_line</name>
         <load_address>0x468</load_address>
         <run_address>0x468</run_address>
         <size>0x5a</size>
         <input_file_ref idref="fl-4"/>
      </object_component>
      <object_component id="oc-bd">
         <name>.debug_line</name>
         <load_address>0x4c2</load_address>
         <run_address>0x4c2</run_address>
         <size>0xee</size>
         <input_file_ref idref="fl-5"/>
      </object_component>
      <object_component id="oc-1d2">
         <name>.debug_line</name>
         <load_address>0x5b0</load_address>
         <run_address>0x5b0</run_address>
         <size>0x20</size>
         <input_file_ref idref="fl-6"/>
      </object_component>
      <object_component id="oc-1cb">
         <name>.debug_line</name>
         <load_address>0x5d0</load_address>
         <run_address>0x5d0</run_address>
         <size>0x2f</size>
         <input_file_ref idref="fl-6"/>
      </object_component>
      <object_component id="oc-c9">
         <name>.debug_line</name>
         <load_address>0x5ff</load_address>
         <run_address>0x5ff</run_address>
         <size>0x105</size>
         <input_file_ref idref="fl-6"/>
      </object_component>
      <object_component id="oc-16e">
         <name>.debug_line</name>
         <load_address>0x704</load_address>
         <run_address>0x704</run_address>
         <size>0x6e</size>
         <input_file_ref idref="fl-6"/>
      </object_component>
      <object_component id="oc-1cf">
         <name>.debug_line</name>
         <load_address>0x772</load_address>
         <run_address>0x772</run_address>
         <size>0x2f</size>
         <input_file_ref idref="fl-6"/>
      </object_component>
      <object_component id="oc-160">
         <name>.debug_line</name>
         <load_address>0x7a1</load_address>
         <run_address>0x7a1</run_address>
         <size>0x138</size>
         <input_file_ref idref="fl-7"/>
      </object_component>
      <object_component id="oc-17f">
         <name>.debug_line</name>
         <load_address>0x8d9</load_address>
         <run_address>0x8d9</run_address>
         <size>0x2d</size>
         <input_file_ref idref="fl-7"/>
      </object_component>
      <object_component id="oc-171">
         <name>.debug_line</name>
         <load_address>0x906</load_address>
         <run_address>0x906</run_address>
         <size>0x2d</size>
         <input_file_ref idref="fl-7"/>
      </object_component>
      <object_component id="oc-178">
         <name>.debug_line</name>
         <load_address>0x933</load_address>
         <run_address>0x933</run_address>
         <size>0x2d</size>
         <input_file_ref idref="fl-7"/>
      </object_component>
      <object_component id="oc-17c">
         <name>.debug_line</name>
         <load_address>0x960</load_address>
         <run_address>0x960</run_address>
         <size>0x2d</size>
         <input_file_ref idref="fl-7"/>
      </object_component>
      <object_component id="oc-72">
         <name>.debug_line</name>
         <load_address>0x98d</load_address>
         <run_address>0x98d</run_address>
         <size>0x6b2</size>
         <input_file_ref idref="fl-7"/>
      </object_component>
      <object_component id="oc-164">
         <name>.debug_line</name>
         <load_address>0x103f</load_address>
         <run_address>0x103f</run_address>
         <size>0x5b</size>
         <input_file_ref idref="fl-7"/>
      </object_component>
      <object_component id="oc-19f">
         <name>.debug_line</name>
         <load_address>0x109a</load_address>
         <run_address>0x109a</run_address>
         <size>0x6e</size>
         <input_file_ref idref="fl-7"/>
      </object_component>
      <object_component id="oc-df">
         <name>.debug_line</name>
         <load_address>0x1108</load_address>
         <run_address>0x1108</run_address>
         <size>0xa2</size>
         <input_file_ref idref="fl-8"/>
      </object_component>
      <object_component id="oc-fe">
         <name>.debug_line</name>
         <load_address>0x11aa</load_address>
         <run_address>0x11aa</run_address>
         <size>0x40</size>
         <input_file_ref idref="fl-9"/>
      </object_component>
      <object_component id="oc-74">
         <name>.debug_line</name>
         <load_address>0x11ea</load_address>
         <run_address>0x11ea</run_address>
         <size>0x40</size>
         <input_file_ref idref="fl-9"/>
      </object_component>
      <object_component id="oc-6c">
         <name>.debug_line</name>
         <load_address>0x122a</load_address>
         <run_address>0x122a</run_address>
         <size>0x71</size>
         <input_file_ref idref="fl-9"/>
      </object_component>
      <object_component id="oc-1c7">
         <name>.debug_line</name>
         <load_address>0x129b</load_address>
         <run_address>0x129b</run_address>
         <size>0x3b</size>
         <input_file_ref idref="fl-a"/>
      </object_component>
      <object_component id="oc-aa">
         <name>.debug_line</name>
         <load_address>0x12d6</load_address>
         <run_address>0x12d6</run_address>
         <size>0x134</size>
         <input_file_ref idref="fl-a"/>
      </object_component>
      <object_component id="oc-225">
         <name>.debug_line</name>
         <load_address>0x140a</load_address>
         <run_address>0x140a</run_address>
         <size>0x2d</size>
         <input_file_ref idref="fl-c4"/>
      </object_component>
      <object_component id="oc-f1">
         <name>.debug_line</name>
         <load_address>0x1437</load_address>
         <run_address>0x1437</run_address>
         <size>0x4b</size>
         <input_file_ref idref="fl-c4"/>
      </object_component>
      <object_component id="oc-190">
         <name>.debug_line</name>
         <load_address>0x1482</load_address>
         <run_address>0x1482</run_address>
         <size>0x4b</size>
         <input_file_ref idref="fl-c4"/>
      </object_component>
      <object_component id="oc-196">
         <name>.debug_line</name>
         <load_address>0x14cd</load_address>
         <run_address>0x14cd</run_address>
         <size>0x3f</size>
         <input_file_ref idref="fl-c4"/>
      </object_component>
      <object_component id="oc-2b2">
         <name>.debug_line</name>
         <load_address>0x150c</load_address>
         <run_address>0x150c</run_address>
         <size>0x91</size>
         <input_file_ref idref="fl-c4"/>
      </object_component>
      <object_component id="oc-3b">
         <name>.debug_line</name>
         <load_address>0x159d</load_address>
         <run_address>0x159d</run_address>
         <size>0x88</size>
         <input_file_ref idref="fl-c5"/>
      </object_component>
      <object_component id="oc-111">
         <name>.debug_line</name>
         <load_address>0x1625</load_address>
         <run_address>0x1625</run_address>
         <size>0x92</size>
         <input_file_ref idref="fl-c6"/>
      </object_component>
      <object_component id="oc-47">
         <name>.debug_line</name>
         <load_address>0x16b7</load_address>
         <run_address>0x16b7</run_address>
         <size>0x56</size>
         <input_file_ref idref="fl-c6"/>
      </object_component>
      <object_component id="oc-8a">
         <name>.debug_line</name>
         <load_address>0x170d</load_address>
         <run_address>0x170d</run_address>
         <size>0x34</size>
         <input_file_ref idref="fl-c6"/>
      </object_component>
      <object_component id="oc-10e">
         <name>.debug_line</name>
         <load_address>0x1741</load_address>
         <run_address>0x1741</run_address>
         <size>0x92</size>
         <input_file_ref idref="fl-c6"/>
      </object_component>
      <object_component id="oc-85">
         <name>.debug_line</name>
         <load_address>0x17d3</load_address>
         <run_address>0x17d3</run_address>
         <size>0x20</size>
         <input_file_ref idref="fl-c7"/>
      </object_component>
      <object_component id="oc-20">
         <name>.debug_line</name>
         <load_address>0x17f3</load_address>
         <run_address>0x17f3</run_address>
         <size>0x55</size>
         <input_file_ref idref="fl-c7"/>
      </object_component>
      <object_component id="oc-40">
         <name>.debug_line</name>
         <load_address>0x1848</load_address>
         <run_address>0x1848</run_address>
         <size>0x3a</size>
         <input_file_ref idref="fl-c7"/>
      </object_component>
      <object_component id="oc-82">
         <name>.debug_line</name>
         <load_address>0x1882</load_address>
         <run_address>0x1882</run_address>
         <size>0x92</size>
         <input_file_ref idref="fl-c7"/>
      </object_component>
      <object_component id="oc-10a">
         <name>.debug_line</name>
         <load_address>0x1914</load_address>
         <run_address>0x1914</run_address>
         <size>0x20</size>
         <input_file_ref idref="fl-c8"/>
      </object_component>
      <object_component id="oc-1c">
         <name>.debug_line</name>
         <load_address>0x1934</load_address>
         <run_address>0x1934</run_address>
         <size>0xa9</size>
         <input_file_ref idref="fl-c8"/>
      </object_component>
      <object_component id="oc-30">
         <name>.debug_line</name>
         <load_address>0x19dd</load_address>
         <run_address>0x19dd</run_address>
         <size>0x3a</size>
         <input_file_ref idref="fl-c8"/>
      </object_component>
      <object_component id="oc-107">
         <name>.debug_line</name>
         <load_address>0x1a17</load_address>
         <run_address>0x1a17</run_address>
         <size>0x9a</size>
         <input_file_ref idref="fl-c8"/>
      </object_component>
      <object_component id="oc-7b">
         <name>.debug_line</name>
         <load_address>0x1ab1</load_address>
         <run_address>0x1ab1</run_address>
         <size>0x96</size>
         <input_file_ref idref="fl-c8"/>
      </object_component>
      <object_component id="oc-1d6">
         <name>.debug_line</name>
         <load_address>0x1b47</load_address>
         <run_address>0x1b47</run_address>
         <size>0x20</size>
         <input_file_ref idref="fl-c9"/>
      </object_component>
      <object_component id="oc-e5">
         <name>.debug_line</name>
         <load_address>0x1b67</load_address>
         <run_address>0x1b67</run_address>
         <size>0xb0</size>
         <input_file_ref idref="fl-c9"/>
      </object_component>
      <object_component id="oc-1d4">
         <name>.debug_line</name>
         <load_address>0x1c17</load_address>
         <run_address>0x1c17</run_address>
         <size>0x20</size>
         <input_file_ref idref="fl-ca"/>
      </object_component>
      <object_component id="oc-d3">
         <name>.debug_line</name>
         <load_address>0x1c37</load_address>
         <run_address>0x1c37</run_address>
         <size>0xb2</size>
         <input_file_ref idref="fl-ca"/>
      </object_component>
      <object_component id="oc-77">
         <name>.debug_line</name>
         <load_address>0x1ce9</load_address>
         <run_address>0x1ce9</run_address>
         <size>0x33</size>
         <input_file_ref idref="fl-cb"/>
      </object_component>
      <object_component id="oc-56">
         <name>.debug_line</name>
         <load_address>0x1d1c</load_address>
         <run_address>0x1d1c</run_address>
         <size>0x45</size>
         <input_file_ref idref="fl-cb"/>
      </object_component>
      <object_component id="oc-2ae">
         <name>.debug_line</name>
         <load_address>0x1d61</load_address>
         <run_address>0x1d61</run_address>
         <size>0x264</size>
         <input_file_ref idref="fl-cc"/>
      </object_component>
      <object_component id="oc-1e3">
         <name>.debug_line</name>
         <load_address>0x1fc5</load_address>
         <run_address>0x1fc5</run_address>
         <size>0x7a</size>
         <input_file_ref idref="fl-cc"/>
      </object_component>
      <object_component id="oc-279">
         <name>.debug_line</name>
         <load_address>0x203f</load_address>
         <run_address>0x203f</run_address>
         <size>0x51</size>
         <input_file_ref idref="fl-cc"/>
      </object_component>
      <object_component id="oc-27f">
         <name>.debug_line</name>
         <load_address>0x2090</load_address>
         <run_address>0x2090</run_address>
         <size>0x88</size>
         <input_file_ref idref="fl-cc"/>
      </object_component>
      <object_component id="oc-1ee">
         <name>.debug_line</name>
         <load_address>0x2118</load_address>
         <run_address>0x2118</run_address>
         <size>0x14d</size>
         <input_file_ref idref="fl-cc"/>
      </object_component>
      <object_component id="oc-286">
         <name>.debug_line</name>
         <load_address>0x2265</load_address>
         <run_address>0x2265</run_address>
         <size>0xee</size>
         <input_file_ref idref="fl-cc"/>
      </object_component>
      <object_component id="oc-28c">
         <name>.debug_line</name>
         <load_address>0x2353</load_address>
         <run_address>0x2353</run_address>
         <size>0x5d</size>
         <input_file_ref idref="fl-cc"/>
      </object_component>
      <object_component id="oc-1f4">
         <name>.debug_line</name>
         <load_address>0x23b0</load_address>
         <run_address>0x23b0</run_address>
         <size>0x5c</size>
         <input_file_ref idref="fl-cc"/>
      </object_component>
      <object_component id="oc-1fa">
         <name>.debug_line</name>
         <load_address>0x240c</load_address>
         <run_address>0x240c</run_address>
         <size>0xae</size>
         <input_file_ref idref="fl-cc"/>
      </object_component>
      <object_component id="oc-200">
         <name>.debug_line</name>
         <load_address>0x24ba</load_address>
         <run_address>0x24ba</run_address>
         <size>0x1b0</size>
         <input_file_ref idref="fl-cc"/>
      </object_component>
      <object_component id="oc-18a">
         <name>.debug_line</name>
         <load_address>0x266a</load_address>
         <run_address>0x266a</run_address>
         <size>0x76f</size>
         <input_file_ref idref="fl-cc"/>
      </object_component>
      <object_component id="oc-21b">
         <name>.debug_line</name>
         <load_address>0x2dd9</load_address>
         <run_address>0x2dd9</run_address>
         <size>0x92</size>
         <input_file_ref idref="fl-cc"/>
      </object_component>
      <object_component id="oc-2b7">
         <name>.debug_line</name>
         <load_address>0x2e6b</load_address>
         <run_address>0x2e6b</run_address>
         <size>0x92</size>
         <input_file_ref idref="fl-cc"/>
      </object_component>
      <object_component id="oc-303">
         <name>.debug_line</name>
         <load_address>0x2efd</load_address>
         <run_address>0x2efd</run_address>
         <size>0x9a</size>
         <input_file_ref idref="fl-cc"/>
      </object_component>
      <object_component id="oc-2bc">
         <name>.debug_line</name>
         <load_address>0x2f97</load_address>
         <run_address>0x2f97</run_address>
         <size>0x97</size>
         <input_file_ref idref="fl-cc"/>
      </object_component>
      <object_component id="oc-220">
         <name>.debug_line</name>
         <load_address>0x302e</load_address>
         <run_address>0x302e</run_address>
         <size>0x2e</size>
         <input_file_ref idref="fl-cc"/>
      </object_component>
      <object_component id="oc-276">
         <name>.debug_line</name>
         <load_address>0x305c</load_address>
         <run_address>0x305c</run_address>
         <size>0xd2</size>
         <input_file_ref idref="fl-cd"/>
      </object_component>
      <object_component id="oc-1eb">
         <name>.debug_line</name>
         <load_address>0x312e</load_address>
         <run_address>0x312e</run_address>
         <size>0x77</size>
         <input_file_ref idref="fl-ce"/>
      </object_component>
      <object_component id="oc-25e">
         <name>.debug_line</name>
         <load_address>0x31a5</load_address>
         <run_address>0x31a5</run_address>
         <size>0x77</size>
         <input_file_ref idref="fl-ce"/>
      </object_component>
      <object_component id="oc-25c">
         <name>.debug_line</name>
         <load_address>0x321c</load_address>
         <run_address>0x321c</run_address>
         <size>0xa8</size>
         <input_file_ref idref="fl-cf"/>
      </object_component>
      <object_component id="oc-257">
         <name>.debug_line</name>
         <load_address>0x32c4</load_address>
         <run_address>0x32c4</run_address>
         <size>0x8e</size>
         <input_file_ref idref="fl-d0"/>
      </object_component>
      <object_component id="oc-266">
         <name>.debug_line</name>
         <load_address>0x3352</load_address>
         <run_address>0x3352</run_address>
         <size>0x5a</size>
         <input_file_ref idref="fl-d1"/>
      </object_component>
      <object_component id="oc-271">
         <name>.debug_line</name>
         <load_address>0x33ac</load_address>
         <run_address>0x33ac</run_address>
         <size>0x50</size>
         <input_file_ref idref="fl-d2"/>
      </object_component>
      <object_component id="oc-250">
         <name>.debug_line</name>
         <load_address>0x33fc</load_address>
         <run_address>0x33fc</run_address>
         <size>0x81</size>
         <input_file_ref idref="fl-d3"/>
      </object_component>
      <object_component id="oc-8e">
         <name>.debug_line</name>
         <load_address>0x347d</load_address>
         <run_address>0x347d</run_address>
         <size>0x79</size>
         <input_file_ref idref="fl-d4"/>
      </object_component>
      <object_component id="oc-235">
         <name>.debug_line</name>
         <load_address>0x34f6</load_address>
         <run_address>0x34f6</run_address>
         <size>0xbf</size>
         <input_file_ref idref="fl-d5"/>
      </object_component>
      <object_component id="oc-125">
         <name>.debug_line</name>
         <load_address>0x35b5</load_address>
         <run_address>0x35b5</run_address>
         <size>0x6f</size>
         <input_file_ref idref="fl-d5"/>
      </object_component>
      <object_component id="oc-239">
         <name>.debug_line</name>
         <load_address>0x3624</load_address>
         <run_address>0x3624</run_address>
         <size>0x2e</size>
         <input_file_ref idref="fl-d5"/>
      </object_component>
      <object_component id="oc-2c4">
         <name>.debug_line</name>
         <load_address>0x3652</load_address>
         <run_address>0x3652</run_address>
         <size>0x9a</size>
         <input_file_ref idref="fl-d5"/>
      </object_component>
      <object_component id="oc-23e">
[...]
      <symbol id="sm-205">
         <name>cmdptr</name>
         <value>0x200008a8</value>
      </symbol>
      <symbol id="sm-206">
         <name>processflag</name>
         <value>0x200008a9</value>
      </symbol>
      <symbol id="sm-207">
         <name>cur_time</name>
         <value>0x20000898</value>
      </symbol>
      <symbol id="sm-208">
         <name>ref_time</name>
         <value>0x200008a0</value>
      </symbol>
      <symbol id="sm-209">
         <name>millis</name>
         <value>0x2000089c</value>
      </symbol>
      <symbol id="sm-20a">
         <name>ultra_read</name>
         <value>0x200008a4</value>
      </symbol>
      <symbol id="sm-20b">
         <name>Enable_Interrupts</name>
         <value>0x433</value>
         <object_component_ref idref="oc-6d"/>
      </symbol>
      <symbol id="sm-20c">
         <name>SysTick_Handler</name>
         <value>0x11f1</value>
         <object_component_ref idref="oc-6d"/>
      </symbol>
      <symbol id="sm-20d">
         <name>delay_timer</name>
         <value>0xf7</value>
         <object_component_ref idref="oc-6d"/>
      </symbol>
      <symbol id="sm-20e">
         <name>PORT4_IRQHandler</name>
         <value>0x10f1</value>
         <object_component_ref idref="oc-6d"/>
      </symbol>
      <symbol id="sm-20f">
         <name>putUART</name>
         <value>0xe5</value>
         <object_component_ref idref="oc-6d"/>
      </symbol>
      <symbol id="sm-210">
         <name>Ultrasonic_Init</name>
         <value>0x33f</value>
         <object_component_ref idref="oc-6d"/>
      </symbol>
      <symbol id="sm-211">
         <name>CRC_8</name>
         <value>0x149</value>
         <object_component_ref idref="oc-6d"/>
      </symbol>
      <symbol id="sm-212">
         <name>Switch_Init</name>
         <value>0x221</value>
         <object_component_ref idref="oc-6d"/>
      </symbol>
      <symbol id="sm-213">
         <name>PORT1_IRQHandler</name>
         <value>0xab5</value>
         <object_component_ref idref="oc-6d"/>
      </symbol>
      <symbol id="sm-214">
         <name>PORT2_IRQHandler</name>
         <value>0xb3d</value>
         <object_component_ref idref="oc-6d"/>
      </symbol>
      <symbol id="sm-215">
         <name>LCD_Init</name>
         <value>0x397</value>
         <object_component_ref idref="oc-6d"/>
      </symbol>
      <symbol id="sm-216">
         <name>ClockSource_Init</name>
         <value>0x1a5</value>
         <object_component_ref idref="oc-6d"/>
      </symbol>
      <symbol id="sm-217">
         <name>main</name>
         <value>0x7b5</value>
         <object_component_ref idref="oc-6d"/>
      </symbol>
      <symbol id="sm-218">
         <name>ESP_Send</name>
         <value>0x5d5</value>
         <object_component_ref idref="oc-6d"/>
      </symbol>
      <symbol id="sm-219">
         <name>Ultrasonic_GetData</name>
         <value>0x3a9</value>
         <object_component_ref idref="oc-6d"/>
      </symbol>
      <symbol id="sm-21a">
         <name>GPIO_Init</name>
         <value>0x267</value>
         <object_component_ref idref="oc-6d"/>
      </symbol>
      <symbol id="sm-21b">
         <name>EUSCIA0_IRQHandler</name>
         <value>0x114b</value>
         <object_component_ref idref="oc-6d"/>
      </symbol>
      <symbol id="sm-21c">
         <name>PWM_Init</name>
         <value>0x1cb</value>
         <object_component_ref idref="oc-6d"/>
      </symbol>
      <symbol id="sm-21d">
         <name>ESP_Init</name>
         <value>0x659</value>
         <object_component_ref idref="oc-6d"/>
      </symbol>
      <symbol id="sm-21e">
         <name>I2C_Init</name>
         <value>0x301</value>
         <object_component_ref idref="oc-6d"/>
      </symbol>
      <symbol id="sm-21f">
         <name>clear_buffer</name>
         <value>0x46d</value>
         <object_component_ref idref="oc-6d"/>
      </symbol>
      <symbol id="sm-220">
         <name>TA1_0_IRQHandler</name>
         <value>0x11bb</value>
         <object_component_ref idref="oc-6d"/>
      </symbol>
      <symbol id="sm-221">
         <name>get_temp</name>
         <value>0x4cd</value>
         <object_component_ref idref="oc-6d"/>
      </symbol>
      <symbol id="sm-222">
         <name>UART_Init</name>
         <value>0x2b9</value>
         <object_component_ref idref="oc-6d"/>
      </symbol>
      <symbol id="sm-223">
         <name>SysTick_Init</name>
         <value>0x20b</value>
         <object_component_ref idref="oc-6d"/>
      </symbol>
      <symbol id="sm-244">
         <name>ADXL345_SPI_Write</name>
         <value>0x2911</value>
         <object_component_ref idref="oc-dd"/>
      </symbol>
      <symbol id="sm-245">
         <name>ADXL345_SPI_Read</name>
         <value>0x2961</value>
         <object_component_ref idref="oc-dd"/>
      </symbol>
      <symbol id="sm-246">
         <name>ADXL345_SPI_Init</name>
         <value>0x28b1</value>
         <object_component_ref idref="oc-dd"/>
      </symbol>
      <symbol id="sm-25b">
         <name>Reset_Handler</name>
         <value>0x3963</value>
         <object_component_ref idref="oc-67"/>
      </symbol>
      <symbol id="sm-25c">
         <name>Default_Handler</name>
         <value>0x396f</value>
         <object_component_ref idref="oc-67"/>
      </symbol>
      <symbol id="sm-25d">
         <name>interruptVectors</name>
         <value>0x0</value>
         <object_component_ref idref="oc-26"/>
      </symbol>
      <symbol id="sm-2a5">
         <name>SystemInit</name>
         <value>0x1f41</value>
         <object_component_ref idref="oc-a5"/>
      </symbol>
      <symbol id="sm-2a6">
         <name>SystemCoreClockUpdate</name>
         <value>0x1cc9</value>
         <object_component_ref idref="oc-a5"/>
      </symbol>
      <symbol id="sm-2a7">
         <name>SystemCoreClock</name>
         <value>0x20000830</value>
         <object_component_ref idref="oc-152"/>
      </symbol>
      <symbol id="sm-2ce">
         <name>sprintf</name>
         <value>0x3791</value>
         <object_component_ref idref="oc-ef"/>
      </symbol>
      <symbol id="sm-2e9">
         <name>memcpy</name>
         <value>0x315f</value>
         <object_component_ref idref="oc-37"/>
      </symbol>
      <symbol id="sm-2ea">
         <name>__aeabi_memcpy</name>
         <value>0x315f</value>
         <object_component_ref idref="oc-37"/>
      </symbol>
      <symbol id="sm-2eb">
         <name>__aeabi_memcpy8</name>
         <value>0x315f</value>
         <object_component_ref idref="oc-37"/>
      </symbol>
      <symbol id="sm-2ec">
         <name>__aeabi_memcpy4</name>
         <value>0x315f</value>
         <object_component_ref idref="oc-37"/>
      </symbol>
      <symbol id="sm-305">
         <name>__TI_zero_init_nomemset</name>
         <value>0x38af</value>
         <object_component_ref idref="oc-43"/>
      </symbol>
      <symbol id="sm-31c">
         <name>__TI_decompress_none</name>
         <value>0x3955</value>
         <object_component_ref idref="oc-1d"/>
      </symbol>
      <symbol id="sm-33f">
         <name>__TI_decompress_lzss</name>
         <value>0x34f1</value>
         <object_component_ref idref="oc-17"/>
      </symbol>
      <symbol id="sm-34f">
         <name>strchr</name>
         <value>0x3919</value>
         <object_component_ref idref="oc-e3"/>
      </symbol>
      <symbol id="sm-35d">
         <name>strlen</name>
         <value>0x392f</value>
         <object_component_ref idref="oc-cf"/>
      </symbol>
      <symbol id="sm-370">
         <name>__stack</name>
         <value>0x2000fe00</value>
         <object_component_ref idref="oc-29"/>
      </symbol>
      <symbol id="sm-371">
         <name>_c_int00_noargs</name>
         <value>0x384d</value>
         <object_component_ref idref="oc-55"/>
      </symbol>
      <symbol id="sm-4d6">
         <name>__TI_printfi</name>
         <value>0x1279</value>
         <object_component_ref idref="oc-188"/>
      </symbol>
      <symbol id="sm-4ed">
         <name>__aeabi_dsub</name>
         <value>0x243d</value>
         <object_component_ref idref="oc-272"/>
      </symbol>
      <symbol id="sm-4ee">
         <name>__aeabi_dadd</name>
         <value>0x2447</value>
         <object_component_ref idref="oc-272"/>
      </symbol>
      <symbol id="sm-510">
         <name>__aeabi_cdcmpeq</name>
         <value>0x3291</value>
         <object_component_ref idref="oc-1e7"/>
      </symbol>
      <symbol id="sm-511">
         <name>__aeabi_cdcmple</name>
         <value>0x3291</value>
         <object_component_ref idref="oc-1e7"/>
      </symbol>
      <symbol id="sm-512">
         <name>__aeabi_cdrcmple</name>
         <value>0x3317</value>
         <object_component_ref idref="oc-25d"/>
      </symbol>
      <symbol id="sm-526">
         <name>__aeabi_ddiv</name>
         <value>0x2b35</value>
         <object_component_ref idref="oc-258"/>
      </symbol>
      <symbol id="sm-531">
         <name>__aeabi_dmul</name>
         <value>0x2fb1</value>
         <object_component_ref idref="oc-253"/>
      </symbol>
      <symbol id="sm-53b">
         <name>__aeabi_d2iz</name>
         <value>0x3705</value>
         <object_component_ref idref="oc-262"/>
      </symbol>
      <symbol id="sm-545">
         <name>__aeabi_i2d</name>
         <value>0x3881</value>
         <object_component_ref idref="oc-26d"/>
      </symbol>
      <symbol id="sm-552">
         <name>__aeabi_uldivmod</name>
         <value>0x31fb</value>
         <object_component_ref idref="oc-24c"/>
      </symbol>
      <symbol id="sm-561">
         <name>__aeabi_memset</name>
         <value>0x339f</value>
         <object_component_ref idref="oc-8d"/>
      </symbol>
      <symbol id="sm-562">
         <name>memset</name>
         <value>0x33a5</value>
         <object_component_ref idref="oc-8d"/>
      </symbol>
      <symbol id="sm-563">
         <name>__aeabi_memset8</name>
         <value>0x339f</value>
         <object_component_ref idref="oc-8d"/>
      </symbol>
      <symbol id="sm-564">
         <name>__aeabi_memset4</name>
         <value>0x339f</value>
         <object_component_ref idref="oc-8d"/>
      </symbol>
      <symbol id="sm-565">
         <name>__aeabi_memclr8</name>
         <value>0x339d</value>
         <object_component_ref idref="oc-8d"/>
      </symbol>
      <symbol id="sm-566">
         <name>__aeabi_memclr4</name>
         <value>0x339d</value>
         <object_component_ref idref="oc-8d"/>
      </symbol>
      <symbol id="sm-567">
         <name>__aeabi_memclr</name>
         <value>0x339d</value>
         <object_component_ref idref="oc-8d"/>
      </symbol>
      <symbol id="sm-58f">
         <name>__TI_auto_init_nobinit_nopinit</name>
         <value>0x374d</value>
         <object_component_ref idref="oc-120"/>
      </symbol>
      <symbol id="sm-599">
         <name>_system_pre_init</name>
         <value>0x3985</value>
         <object_component_ref idref="oc-93"/>
      </symbol>
      <symbol id="sm-5a5">
         <name>C$$EXIT</name>
         <value>0x3989</value>
         <object_component_ref idref="oc-114"/>
      </symbol>
      <symbol id="sm-5a6">
         <name>abort</name>
         <value>0x3989</value>
         <object_component_ref idref="oc-114"/>
      </symbol>
      <symbol id="sm-5b6">
         <name>__TI_ltoa</name>
         <value>0x3613</value>
         <object_component_ref idref="oc-267"/>
      </symbol>
      <symbol id="sm-5cd">
         <name>atoi</name>
         <value>0x36b9</value>
         <object_component_ref idref="oc-1db"/>
      </symbol>
      <symbol id="sm-5d8">
         <name>_ctypes_</name>
         <value>0x3d64</value>
         <object_component_ref idref="oc-247"/>
      </symbol>
      <symbol id="sm-5e8">
         <name>memccpy</name>
         <value>0x38cb</value>
         <object_component_ref idref="oc-204"/>
      </symbol>
      <symbol id="sm-5fe">
         <name>__aeabi_errno_addr</name>
         <value>0x397d</value>
         <object_component_ref idref="oc-210"/>
      </symbol>
      <symbol id="sm-5ff">
         <name>errno</name>
         <value>0x2000082c</value>
         <object_component_ref idref="oc-2a8"/>
      </symbol>
      <symbol id="sm-61f">
         <name>frexpl</name>
         <value>0x3559</value>
         <object_component_ref idref="oc-292"/>
      </symbol>
      <symbol id="sm-620">
         <name>frexp</name>
         <value>0x3559</value>
         <object_component_ref idref="oc-292"/>
      </symbol>
      <symbol id="sm-63d">
         <name>scalbn</name>
         <value>0x2ea1</value>
         <object_component_ref idref="oc-298"/>
      </symbol>
      <symbol id="sm-63e">
         <name>scalbnl</name>
         <value>0x2ea1</value>
         <object_component_ref idref="oc-298"/>
      </symbol>
      <symbol id="sm-63f">
         <name>ldexpl</name>
         <value>0x2ea1</value>
         <object_component_ref idref="oc-298"/>
      </symbol>
      <symbol id="sm-640">
         <name>ldexp</name>
         <value>0x2ea1</value>
         <object_component_ref idref="oc-298"/>
      </symbol>
      <symbol id="sm-659">
         <name>wcslen</name>
         <value>0x3943</value>
         <object_component_ref idref="oc-20a"/>
      </symbol>
      <symbol id="sm-663">
         <name>copysign</name>
         <value>0x38e7</value>
         <object_component_ref idref="oc-2eb"/>
      </symbol>
      <symbol id="sm-664">
         <name>copysignl</name>
         <value>0x38e7</value>
         <object_component_ref idref="oc-2eb"/>
      </symbol>
      <symbol id="sm-66e">
         <name>__aeabi_idiv0</name>
         <value>0x1cc7</value>
         <object_component_ref idref="oc-2d2"/>
      </symbol>
      <symbol id="sm-66f">
         <name>__aeabi_ldiv0</name>
         <value>0x1cc7</value>
         <object_component_ref idref="oc-2d2"/>
      </symbol>
      <symbol id="sm-670">
         <name>__TI_static_base__</name>
         <value>0x0</value>
      </symbol>
      <symbol id="sm-673">
         <name>__mpu_init</name>
         <value>0x0</value>
      </symbol>
      <symbol id="sm-674">
         <name>_system_post_cinit</name>
         <value>0x0</value>
      </symbol>
      <symbol id="sm-675">
         <name>NMI_Handler</name>
         <value>0x396f</value>
      </symbol>
      <symbol id="sm-676">
         <name>HardFault_Handler</name>
         <value>0x396f</value>
      </symbol>
      <symbol id="sm-677">
         <name>MemManage_Handler</name>
         <value>0x396f</value>
      </symbol>
      <symbol id="sm-678">
         <name>BusFault_Handler</name>
         <value>0x396f</value>
      </symbol>
      <symbol id="sm-679">
         <name>UsageFault_Handler</name>
         <value>0x396f</value>
      </symbol>
      <symbol id="sm-67a">
         <name>SVC_Handler</name>
         <value>0x396f</value>
      </symbol>
      <symbol id="sm-67b">
         <name>DebugMon_Handler</name>
         <value>0x396f</value>
      </symbol>
      <symbol id="sm-67c">
         <name>PendSV_Handler</name>
         <value>0x396f</value>
      </symbol>
      <symbol id="sm-67d">
         <name>SysTick_Handler</name>
         <value>0x11f1</value>
      </symbol>
      <symbol id="sm-67e">
         <name>PSS_IRQHandler</name>
         <value>0x396f</value>
      </symbol>
      <symbol id="sm-67f">
         <name>CS_IRQHandler</name>
         <value>0x396f</value>
      </symbol>
      <symbol id="sm-680">
         <name>PCM_IRQHandler</name>
         <value>0x396f</value>
      </symbol>
      <symbol id="sm-681">
         <name>WDT_A_IRQHandler</name>
         <value>0x396f</value>
      </symbol>
      <symbol id="sm-682">
         <name>FPU_IRQHandler</name>
         <value>0x396f</value>
      </symbol>
      <symbol id="sm-683">
         <name>FLCTL_IRQHandler</name>
         <value>0x396f</value>
      </symbol>
      <symbol id="sm-684">
         <name>COMP_E0_IRQHandler</name>
         <value>0x396f</value>
      </symbol>
      <symbol id="sm-685">
         <name>COMP_E1_IRQHandler</name>
         <value>0x396f</value>
      </symbol>
      <symbol id="sm-686">
         <name>TA0_0_IRQHandler</name>
         <value>0x396f</value>
      </symbol>
      <symbol id="sm-687">
         <name>TA0_N_IRQHandler</name>
         <value>0x396f</value>
      </symbol>
      <symbol id="sm-688">
         <name>TA1_0_IRQHandler</name>
         <value>0x11bb</value>
      </symbol>
      <symbol id="sm-689">
         <name>TA1_N_IRQHandler</name>
         <value>0x396f</value>
      </symbol>
      <symbol id="sm-68a">
         <name>TA2_0_IRQHandler</name>
         <value>0x396f</value>
      </symbol>
      <symbol id="sm-68b">
         <name>TA2_N_IRQHandler</name>
         <value>0x396f</value>
      </symbol>
      <symbol id="sm-68c">
         <name>TA3_0_IRQHandler</name>
         <value>0x396f</value>
      </symbol>
      <symbol id="sm-68d">
         <name>TA3_N_IRQHandler</name>
         <value>0x396f</value>
      </symbol>
      <symbol id="sm-68e">
         <name>EUSCIA0_IRQHandler</name>
         <value>0x114b</value>
      </symbol>
      <symbol id="sm-68f">
         <name>EUSCIA1_IRQHandler</name>
         <value>0x396f</value>
      </symbol>
      <symbol id="sm-690">
         <name>EUSCIA2_IRQHandler</name>
         <value>0x396f</value>
      </symbol>
      <symbol id="sm-691">
         <name>EUSCIA3_IRQHandler</name>
         <value>0x396f</value>
      </symbol>
      <symbol id="sm-692">
         <name>EUSCIB0_IRQHandler</name>
         <value>0x396f</value>
      </symbol>
      <symbol id="sm-693">
         <name>EUSCIB1_IRQHandler</name>
         <value>0x396f</value>
      </symbol>
      <symbol id="sm-694">
         <name>EUSCIB2_IRQHandler</name>
         <value>0x396f</value>
      </symbol>
      <symbol id="sm-695">
         <name>EUSCIB3_IRQHandler</name>
         <value>0x396f</value>
      </symbol>
      <symbol id="sm-696">
         <name>ADC14_IRQHandler</name>
         <value>0x396f</value>
      </symbol>
      <symbol id="sm-697">
         <name>T32_INT1_IRQHandler</name>
         <value>0x396f</value>
      </symbol>
      <symbol id="sm-698">
         <name>T32_INT2_IRQHandler</name>
         <value>0x396f</value>
      </symbol>
      <symbol id="sm-699">
         <name>T32_INTC_IRQHandler</name>
         <value>0x396f</value>
      </symbol>
      <symbol id="sm-69a">
         <name>AES256_IRQHandler</name>
         <value>0x396f</value>
      </symbol>
      <symbol id="sm-69b">
         <name>RTC_C_IRQHandler</name>
         <value>0x396f</value>
      </symbol>
      <symbol id="sm-69c">
         <name>DMA_ERR_IRQHandler</name>
         <value>0x396f</value>
      </symbol>
      <symbol id="sm-69d">
         <name>DMA_INT3_IRQHandler</name>
         <value>0x396f</value>
      </symbol>
      <symbol id="sm-69e">
         <name>DMA_INT2_IRQHandler</name>
         <value>0x396f</value>
      </symbol>
      <symbol id="sm-69f">
         <name>DMA_INT1_IRQHandler</name>
         <value>0x396f</value>
      </symbol>
      <symbol id="sm-6a0">
         <name>DMA_INT0_IRQHandler</name>
         <value>0x396f</value>
      </symbol>
      <symbol id="sm-6a1">
         <name>PORT1_IRQHandler</name>
         <value>0xab5</value>
      </symbol>
      <symbol id="sm-6a2">
         <name>PORT2_IRQHandler</name>
         <value>0xb3d</value>
      </symbol>
      <symbol id="sm-6a3">
         <name>PORT3_IRQHandler</name>
         <value>0x396f</value>
      </symbol>
      <symbol id="sm-6a4">
         <name>PORT4_IRQHandler</name>
         <value>0x10f1</value>
      </symbol>
      <symbol id="sm-6a5">
         <name>PORT5_IRQHandler</name>
         <value>0x396f</value>
      </symbol>
      <symbol id="sm-6a6">
         <name>PORT6_IRQHandler</name>
         <value>0x396f</value>
      </symbol>
   </symbol_table>
   <title>Link successful</title>
</link_info>
