******************************************************************************
                  TI ARM Linker PC v20.2.2                     
******************************************************************************
>> Linked Wed Apr 21 14:23:02 2021

OUTPUT FILE NAME:   <ESD_Final_Project.out>
ENTRY POINT SYMBOL: "_c_int00_noargs"  address: 0000069d


MEMORY CONFIGURATION

         name            origin    length      used     unused   attr    fill
----------------------  --------  ---------  --------  --------  ----  --------
  MAIN                  00000000   00040000  00000740  0003f8c0  R  X
  INFO                  00200000   00004000  00000000  00004000  R  X
  SRAM_CODE             01000000   00010000  00000205  0000fdfb  RW X
  SRAM_DATA             20000000   00010000  00000205  0000fdfb  RW  


SEGMENT ALLOCATION MAP

run origin  load origin   length   init length attrs members
----------  ----------- ---------- ----------- ----- -------
00000000    00000000    00000740   00000740    r-x
  00000000    00000000    000000e4   000000e4    r-- .intvecs
  000000e4    000000e4    0000062c   0000062c    r-x .text
  00000710    00000710    00000030   00000030    r-- .cinit
20000000    20000000    00000005   00000000    rw-
  20000000    20000000    00000004   00000000    rw- .data
  20000004    20000004    00000001   00000000    rw- .bss
2000fe00    2000fe00    00000200   00000000    rw-
  2000fe00    2000fe00    00000200   00000000    rw- .stack


SECTION ALLOCATION MAP

 output                                  attributes/
section   page    origin      length       input sections
--------  ----  ----------  ----------   ----------------
.intvecs   0    00000000    000000e4     
                  00000000    000000e4     startup_msp432p401r_ccs.obj (.intvecs:retain)

.text      0    000000e4    0000062c     
                  000000e4    00000334     system_msp432p401r.obj (.text)
                  00000418    0000013c     tempsense.obj (.text)
                  00000554    0000009c     rtsv7M4_T_le_v4SPD16_eabi.lib : memcpy_t2.asm.obj (.text)
                  000005f0    00000068                                   : copy_decompress_lzss.c.obj (.text:decompress:lzss:__TI_decompress_lzss)
                  00000658    00000044                                   : autoinit.c.obj (.text:__TI_auto_init_nobinit_nopinit:__TI_auto_init_nobinit_nopinit)
                  0000069c    00000034                                   : boot_cortex_m.c.obj (.text:_c_int00_noargs:_c_int00_noargs)
                  000006d0    0000001c                                   : copy_zero_init.c.obj (.text:decompress:ZI:__TI_zero_init_nomemset:__TI_zero_init_nomemset)
                  000006ec    0000000e                                   : copy_decompress_none.c.obj (.text:decompress:none:__TI_decompress_none)
                  000006fa    0000000e     startup_msp432p401r_ccs.obj (.text)
                  00000708    00000004     rtsv7M4_T_le_v4SPD16_eabi.lib : pre_init.c.obj (.text:_system_pre_init)
                  0000070c    00000004                                   : exit.c.obj (.text:abort:abort)

.cinit     0    00000710    00000030     
                  00000710    0000000c     (__TI_handler_table)
                  0000071c    00000004     --HOLE-- [fill = 0]
                  00000720    00000008     (.cinit..bss.load) [load image, compression = zero_init]
                  00000728    00000008     (.cinit..data.load) [load image, compression = lzss]
                  00000730    00000010     (__TI_cinit_table)

.init_array 
*          0    00000000    00000000     UNINITIALIZED

.binit     0    00000000    00000000     

.data      0    20000000    00000004     UNINITIALIZED
                  20000000    00000004     system_msp432p401r.obj (.data)

.bss       0    20000004    00000001     UNINITIALIZED
                  20000004    00000001     (.common:temperature)

.stack     0    2000fe00    00000200     UNINITIALIZED
                  2000fe00    00000004     rtsv7M4_T_le_v4SPD16_eabi.lib : boot_cortex_m.c.obj (.stack)
                  2000fe04    000001fc     --HOLE--

__llvm_prf_cnts 
*          0    20000000    00000000     UNINITIALIZED

MODULE SUMMARY

       Module                        code   ro data   rw data
       ------                        ----   -------   -------
    .\
       system_msp432p401r.obj        820    0         8      
       tempsense.obj                 316    0         2      
       startup_msp432p401r_ccs.obj   14     228       0      
    +--+-----------------------------+------+---------+---------+
       Total:                        1150   228       10     
                                                             
    D:\Program Files\ccs\tools\compiler\ti-cgt-arm_20.2.2.LTS\lib\rtsv7M4_T_le_v4SPD16_eabi.lib
       memcpy_t2.asm.obj             156    0         0      
       copy_decompress_lzss.c.obj    104    0         0      
       autoinit.c.obj                68     0         0      
       boot_cortex_m.c.obj           52     0         0      
       copy_zero_init.c.obj          28     0         0      
       copy_decompress_none.c.obj    14     0         0      
       exit.c.obj                    4      0         0      
       pre_init.c.obj                4      0         0      
    +--+-----------------------------+------+---------+---------+
       Total:                        430    0         0      
                                                             
       Stack:                        0      0         1024   
       Linker Generated:             0      44        0      
    +--+-----------------------------+------+---------+---------+
       Grand Total:                  1580   272       1034   


LINKER GENERATED COPY TABLES

__TI_cinit_table @ 00000730 records: 2, size/record: 8, table size: 16
	.bss: load addr=00000720, load size=00000008 bytes, run addr=20000004, run size=00000001 bytes, compression=zero_init
	.data: load addr=00000728, load size=00000008 bytes, run addr=20000000, run size=00000004 bytes, compression=lzss


LINKER GENERATED HANDLER TABLE

__TI_handler_table @ 00000710 records: 3, size/record: 4, table size: 12
	index: 0, handler: __TI_decompress_lzss
	index: 1, handler: __TI_decompress_none
	index: 2, handler: __TI_zero_init


GLOBAL SYMBOLS: SORTED ALPHABETICALLY BY Name 

address   name                          
-------   ----                          
00000707  ADC14_IRQHandler              
00000707  AES256_IRQHandler             
00000707  BusFault_Handler              
0000070d  C$$EXIT                       
00000707  COMP_E0_IRQHandler            
00000707  COMP_E1_IRQHandler            
00000707  CS_IRQHandler                 
00000707  DMA_ERR_IRQHandler            
00000707  DMA_INT0_IRQHandler           
00000707  DMA_INT1_IRQHandler           
00000707  DMA_INT2_IRQHandler           
00000707  DMA_INT3_IRQHandler           
00000707  DebugMon_Handler              
00000707  Default_Handler               
00000707  EUSCIA0_IRQHandler            
00000707  EUSCIA1_IRQHandler            
00000707  EUSCIA2_IRQHandler            
00000707  EUSCIA3_IRQHandler            
00000707  EUSCIB0_IRQHandler            
00000707  EUSCIB1_IRQHandler            
00000707  EUSCIB2_IRQHandler            
00000707  EUSCIB3_IRQHandler            
00000707  FLCTL_IRQHandler              
00000707  FPU_IRQHandler                
00000707  HardFault_Handler             
00000419  I2C_init                      
00000707  MemManage_Handler             
00000707  NMI_Handler                   
00000707  PCM_IRQHandler                
00000707  PORT1_IRQHandler              
00000707  PORT2_IRQHandler              
00000707  PORT3_IRQHandler              
00000707  PORT4_IRQHandler              
00000707  PORT5_IRQHandler              
00000707  PORT6_IRQHandler              
00000707  PSS_IRQHandler                
00000707  PendSV_Handler                
00000707  RTC_C_IRQHandler              
000006fb  Reset_Handler                 
00000707  SVC_Handler                   
00000707  SysTick_Handler               
20000000  SystemCoreClock               
000000e5  SystemCoreClockUpdate         
0000035d  SystemInit                    
00000707  T32_INT1_IRQHandler           
00000707  T32_INT2_IRQHandler           
00000707  T32_INTC_IRQHandler           
00000707  TA0_0_IRQHandler              
00000707  TA0_N_IRQHandler              
00000707  TA1_0_IRQHandler              
00000707  TA1_N_IRQHandler              
00000707  TA2_0_IRQHandler              
00000707  TA2_N_IRQHandler              
00000707  TA3_0_IRQHandler              
00000707  TA3_N_IRQHandler              
00000707  UsageFault_Handler            
4000480c  WDTCTL_SYM                    
00000707  WDT_A_IRQHandler              
20010000  __STACK_END                   
00000200  __STACK_SIZE                  
00000730  __TI_CINIT_Base               
00000740  __TI_CINIT_Limit              
00000710  __TI_Handler_Table_Base       
0000071c  __TI_Handler_Table_Limit      
00000659  __TI_auto_init_nobinit_nopinit
000005f1  __TI_decompress_lzss          
000006ed  __TI_decompress_none          
ffffffff  __TI_pprof_out_hndl           
ffffffff  __TI_prof_data_size           
ffffffff  __TI_prof_data_start          
00000000  __TI_static_base__            
000006d1  __TI_zero_init_nomemset       
00000555  __aeabi_memcpy                
00000555  __aeabi_memcpy4               
00000555  __aeabi_memcpy8               
ffffffff  __binit__                     
ffffffff  __c_args__                    
UNDEFED   __mpu_init                    
2000fe00  __stack                       
20000000  __start___llvm_prf_cnts       
20000000  __stop___llvm_prf_cnts        
0000069d  _c_int00_noargs               
UNDEFED   _system_post_cinit            
00000709  _system_pre_init              
0000070d  abort                         
ffffffff  binit                         
0000045f  get_temp                      
00000000  interruptVectors              
00000511  main                          
00000555  memcpy                        
20000004  temperature                   


GLOBAL SYMBOLS: SORTED BY Symbol Address 

address   name                          
-------   ----                          
00000000  __TI_static_base__            
00000000  interruptVectors              
000000e5  SystemCoreClockUpdate         
00000200  __STACK_SIZE                  
0000035d  SystemInit                    
00000419  I2C_init                      
0000045f  get_temp                      
00000511  main                          
00000555  __aeabi_memcpy                
00000555  __aeabi_memcpy4               
00000555  __aeabi_memcpy8               
00000555  memcpy                        
000005f1  __TI_decompress_lzss          
00000659  __TI_auto_init_nobinit_nopinit
0000069d  _c_int00_noargs               
000006d1  __TI_zero_init_nomemset       
000006ed  __TI_decompress_none          
000006fb  Reset_Handler                 
00000707  ADC14_IRQHandler              
00000707  AES256_IRQHandler             
00000707  BusFault_Handler              
00000707  COMP_E0_IRQHandler            
00000707  COMP_E1_IRQHandler            
00000707  CS_IRQHandler                 
00000707  DMA_ERR_IRQHandler            
00000707  DMA_INT0_IRQHandler           
00000707  DMA_INT1_IRQHandler           
00000707  DMA_INT2_IRQHandler           
00000707  DMA_INT3_IRQHandler           
00000707  DebugMon_Handler              
00000707  Default_Handler               
00000707  EUSCIA0_IRQHandler            
00000707  EUSCIA1_IRQHandler            
00000707  EUSCIA2_IRQHandler            
00000707  EUSCIA3_IRQHandler            
00000707  EUSCIB0_IRQHandler            
00000707  EUSCIB1_IRQHandler            
00000707  EUSCIB2_IRQHandler            
00000707  EUSCIB3_IRQHandler            
00000707  FLCTL_IRQHandler              
00000707  FPU_IRQHandler                
00000707  HardFault_Handler             
00000707  MemManage_Handler             
00000707  NMI_Handler                   
00000707  PCM_IRQHandler                
00000707  PORT1_IRQHandler              
00000707  PORT2_IRQHandler              
00000707  PORT3_IRQHandler              
00000707  PORT4_IRQHandler              
00000707  PORT5_IRQHandler              
00000707  PORT6_IRQHandler              
00000707  PSS_IRQHandler                
00000707  PendSV_Handler                
00000707  RTC_C_IRQHandler              
00000707  SVC_Handler                   
00000707  SysTick_Handler               
00000707  T32_INT1_IRQHandler           
00000707  T32_INT2_IRQHandler           
00000707  T32_INTC_IRQHandler           
00000707  TA0_0_IRQHandler              
00000707  TA0_N_IRQHandler              
00000707  TA1_0_IRQHandler              
00000707  TA1_N_IRQHandler              
00000707  TA2_0_IRQHandler              
00000707  TA2_N_IRQHandler              
00000707  TA3_0_IRQHandler              
00000707  TA3_N_IRQHandler              
00000707  UsageFault_Handler            
00000707  WDT_A_IRQHandler              
00000709  _system_pre_init              
0000070d  C$$EXIT                       
0000070d  abort                         
00000710  __TI_Handler_Table_Base       
0000071c  __TI_Handler_Table_Limit      
00000730  __TI_CINIT_Base               
00000740  __TI_CINIT_Limit              
20000000  SystemCoreClock               
20000000  __start___llvm_prf_cnts       
20000000  __stop___llvm_prf_cnts        
20000004  temperature                   
2000fe00  __stack                       
20010000  __STACK_END                   
4000480c  WDTCTL_SYM                    
ffffffff  __TI_pprof_out_hndl           
ffffffff  __TI_prof_data_size           
ffffffff  __TI_prof_data_start          
ffffffff  __binit__                     
ffffffff  __c_args__                    
ffffffff  binit                         
UNDEFED   __mpu_init                    
UNDEFED   _system_post_cinit            

[91 symbols]
