******************************************************************************
                  TI ARM Linker PC v20.2.2                     
******************************************************************************
>> Linked Sat Apr 24 15:50:32 2021

OUTPUT FILE NAME:   <ESD_Final_Project.out>
ENTRY POINT SYMBOL: "_c_int00_noargs"  address: 0000384d


MEMORY CONFIGURATION

         name            origin    length      used     unused   attr    fill
----------------------  --------  ---------  --------  --------  ----  --------
  MAIN                  00000000   00040000  0000406d  0003bf93  R  X
  INFO                  00200000   00004000  00000000  00004000  R  X
  SRAM_CODE             01000000   00010000  00000aaa  0000f556  RW X
  SRAM_DATA             20000000   00010000  00000aaa  0000f556  RW  


SEGMENT ALLOCATION MAP

run origin  load origin   length   init length attrs members
----------  ----------- ---------- ----------- ----- -------
00000000    00000000    00004070   00004070    r-x
  00000000    00000000    000000e4   000000e4    r-- .intvecs
  000000e4    000000e4    000038a8   000038a8    r-x .text
  0000398c    0000398c    00000689   00000689    r-- .const
  00004018    00004018    00000058   00000058    r-- .cinit
20000000    20000000    000008aa   00000000    rw-
  20000000    20000000    00000834   00000000    rw- .data
  20000834    20000834    00000076   00000000    rw- .bss
2000fe00    2000fe00    00000200   00000000    rw-
  2000fe00    2000fe00    00000200   00000000    rw- .stack


SECTION ALLOCATION MAP

 output                                  attributes/
section   page    origin      length       input sections
--------  ----  ----------  ----------   ----------------
.intvecs   0    00000000    000000e4     
                  00000000    000000e4     startup_msp432p401r_ccs.obj (.intvecs:retain)

.text      0    000000e4    000038a8     
                  000000e4    00001194     main.obj (.text)
                  00001278    00000a4e     rtsv7M4_T_le_v4SPD16_eabi.lib : _printfi.c.obj (.text:__TI_printfi)
                  00001cc6    00000002                                   : div0.asm.obj (.text)
                  00001cc8    00000334     system_msp432p401r.obj (.text)
                  00001ffc    00000270     rtsv7M4_T_le_v4SPD16_eabi.lib : _printfi.c.obj (.text:_pconv_a)
                  0000226c    000001d0                                   : _printfi.c.obj (.text:_pconv_g)
                  0000243c    000001b6                                   : fd_add_t2.asm.obj (.text)
                  000025f2    00000002     --HOLE-- [fill = 0]
                  000025f4    00000160     PCD8544_Core.obj (.text)
                  00002754    0000015c     cbfifo.obj (.text)
                  000028b0    00000148     spi.obj (.text)
                  000029f8    0000013c     rtsv7M4_T_le_v4SPD16_eabi.lib : _printfi.c.obj (.text:_pconv_e)
                  00002b34    00000136                                   : fd_div_t2.asm.obj (.text)
                  00002c6a    00000002     --HOLE-- [fill = 0]
                  00002c6c    00000124                                   : _printfi.c.obj (.text:fcvt)
                  00002d90    00000110     adxl345.obj (.text)
                  00002ea0    00000110     rtsv7M4_T_le_v4SPD16_eabi.lib : s_scalbn.c.obj (.text:scalbn)
                  00002fb0    000000fc                                   : fd_mul_t2.asm.obj (.text)
                  000030ac    000000b1                                   : _printfi.c.obj (.text:_ltostr)
                  0000315d    00000001     --HOLE-- [fill = 0]
                  0000315e    0000009c                                   : memcpy_t2.asm.obj (.text)
                  000031fa    00000096                                   : ull_div_t2.asm.obj (.text)
                  00003290    00000086                                   : fd_cmp_t2.asm.obj (.text:__aeabi_cdcmple)
                  00003316    00000086                                   : fd_cmp_t2.asm.obj (.text:__aeabi_cdrcmple)
                  0000339c    0000007a                                   : memset_t2.asm.obj (.text)
                  00003416    0000006e                                   : _printfi.c.obj (.text:_mcpy)
                  00003484    0000006c     PCD8544_Character.obj (.text)
                  000034f0    00000068     rtsv7M4_T_le_v4SPD16_eabi.lib : copy_decompress_lzss.c.obj (.text:decompress:lzss:__TI_decompress_lzss)
                  00003558    00000064                                   : s_frexp.c.obj (.text:frexp)
                  000035bc    00000056                                   : _printfi.c.obj (.text:_pconv_f)
                  00003612    00000054                                   : _ltoa.c.obj (.text:__TI_ltoa)
                  00003666    00000052                                   : _printfi.c.obj (.text:_ecpy)
                  000036b8    0000004c                                   : atoi.c.obj (.text:atoi)
                  00003704    00000048                                   : fd_toi_t2.asm.obj (.text)
                  0000374c    00000044                                   : autoinit.c.obj (.text:__TI_auto_init_nobinit_nopinit:__TI_auto_init_nobinit_nopinit)
                  00003790    00000040                                   : sprintf.c.obj (.text:sprintf)
                  000037d0    0000003e                                   : _printfi.c.obj (.text:_fcpy)
                  0000380e    0000003c     PCD8544_Pixel.obj (.text)
                  0000384a    00000002     --HOLE-- [fill = 0]
                  0000384c    00000034     rtsv7M4_T_le_v4SPD16_eabi.lib : boot_cortex_m.c.obj (.text:_c_int00_noargs:_c_int00_noargs)
                  00003880    0000002e                                   : i_tofd_t2.asm.obj (.text)
                  000038ae    0000001c                                   : copy_zero_init.c.obj (.text:decompress:ZI:__TI_zero_init_nomemset:__TI_zero_init_nomemset)
                  000038ca    0000001c                                   : memccpy.c.obj (.text:memccpy)
                  000038e6    0000001a                                   : s_copysign.c.obj (.text:copysign)
                  00003900    00000018                                   : sprintf.c.obj (.text:_outs)
                  00003918    00000016                                   : strchr.c.obj (.text:strchr)
                  0000392e    00000014                                   : strlen.c.obj (.text:strlen)
                  00003942    00000012                                   : wcslen.c.obj (.text:wcslen)
                  00003954    0000000e                                   : copy_decompress_none.c.obj (.text:decompress:none:__TI_decompress_none)
                  00003962    0000000e     startup_msp432p401r_ccs.obj (.text)
                  00003970    0000000a     rtsv7M4_T_le_v4SPD16_eabi.lib : sprintf.c.obj (.text:_outc)
                  0000397a    00000002     --HOLE-- [fill = 0]
                  0000397c    00000008                                   : errno.c.obj (.text:__aeabi_errno_addr)
                  00003984    00000004                                   : pre_init.c.obj (.text:_system_pre_init)
                  00003988    00000004                                   : exit.c.obj (.text:abort:abort)

.const     0    0000398c    00000689     
                  0000398c    000001f8     main.obj (.const:.string:logo)
                  00003b84    000001e0     PCD8544_Character.obj (.const:font_table)
                  00003d64    00000101     rtsv7M4_T_le_v4SPD16_eabi.lib : ctype.c.obj (.const:.string:_ctypes_)
                  00003e65    00000100     main.obj (.const:.string:crc_table)
                  00003f65    00000003     --HOLE-- [fill = 0]
                  00003f68    000000a8     main.obj (.const:.string)
                  00004010    00000005     main.obj (.const:.string:$P$T0$1)

.cinit     0    00004018    00000058     
                  00004018    0000002e     (.cinit..data.load) [load image, compression = lzss]
                  00004046    00000002     --HOLE-- [fill = 0]
                  00004048    0000000c     (__TI_handler_table)
                  00004054    00000004     --HOLE-- [fill = 0]
                  00004058    00000008     (.cinit..bss.load) [load image, compression = zero_init]
                  00004060    00000010     (__TI_cinit_table)

.init_array 
*          0    00000000    00000000     UNINITIALIZED

.binit     0    00000000    00000000     

.data      0    20000000    00000834     UNINITIALIZED
                  20000000    00000806     cbfifo.obj (.data:Cbfifo)
                  20000806    00000002     --HOLE--
                  20000808    00000024     main.obj (.data)
                  2000082c    00000004     rtsv7M4_T_le_v4SPD16_eabi.lib : errno.c.obj (.data)
                  20000830    00000004     system_msp432p401r.obj (.data)

.bss       0    20000834    00000076     UNINITIALIZED
                  20000834    00000064     (.common:command)
                  20000898    00000004     (.common:cur_time)
                  2000089c    00000004     (.common:millis)
                  200008a0    00000004     (.common:ref_time)
                  200008a4    00000004     (.common:ultra_read)
                  200008a8    00000001     (.common:cmdptr)
                  200008a9    00000001     (.common:processflag)

.stack     0    2000fe00    00000200     UNINITIALIZED
                  2000fe00    00000004     rtsv7M4_T_le_v4SPD16_eabi.lib : boot_cortex_m.c.obj (.stack)
                  2000fe04    000001fc     --HOLE--

__llvm_prf_cnts 
*          0    20000000    00000000     UNINITIALIZED

MODULE SUMMARY

       Module                        code    ro data   rw data
       ------                        ----    -------   -------
    .\
       main.obj                      4500    933       308    
       cbfifo.obj                    348     0         4108   
       system_msp432p401r.obj        820     0         8      
       PCD8544_Character.obj         108     480       0      
       PCD8544_Core.obj              352     0         0      
       spi.obj                       328     0         0      
       adxl345.obj                   272     0         0      
       startup_msp432p401r_ccs.obj   14      228       0      
       PCD8544_Pixel.obj             60      0         0      
    +--+-----------------------------+-------+---------+---------+
       Total:                        6802    1641      4424   
                                                              
    D:\Program Files\ccs\tools\compiler\ti-cgt-arm_20.2.2.LTS\lib\rtsv7M4_T_le_v4SPD16_eabi.lib
       _printfi.c.obj                4851    0         0      
       fd_add_t2.asm.obj             438     0         0      
       fd_div_t2.asm.obj             310     0         0      
       s_scalbn.c.obj                272     0         0      
       fd_cmp_t2.asm.obj             268     0         0      
       ctype.c.obj                   0       257       0      
       fd_mul_t2.asm.obj             252     0         0      
       memcpy_t2.asm.obj             156     0         0      
       ull_div_t2.asm.obj            150     0         0      
       memset_t2.asm.obj             122     0         0      
       copy_decompress_lzss.c.obj    104     0         0      
       s_frexp.c.obj                 100     0         0      
       sprintf.c.obj                 98      0         0      
       _ltoa.c.obj                   84      0         0      
       atoi.c.obj                    76      0         0      
       fd_toi_t2.asm.obj             72      0         0      
       autoinit.c.obj                68      0         0      
       boot_cortex_m.c.obj           52      0         0      
       i_tofd_t2.asm.obj             46      0         0      
       copy_zero_init.c.obj          28      0         0      
       memccpy.c.obj                 28      0         0      
       s_copysign.c.obj              26      0         0      
       strchr.c.obj                  22      0         0      
       strlen.c.obj                  20      0         0      
       wcslen.c.obj                  18      0         0      
       errno.c.obj                   8       0         8      
       copy_decompress_none.c.obj    14      0         0      
       exit.c.obj                    4       0         0      
       pre_init.c.obj                4       0         0      
       div0.asm.obj                  2       0         0      
    +--+-----------------------------+-------+---------+---------+
       Total:                        7693    257       8      
                                                              
       Stack:                        0       0         1024   
       Linker Generated:             0       82        0      
    +--+-----------------------------+-------+---------+---------+
       Grand Total:                  14495   1980      5456   


LINKER GENERATED COPY TABLES

__TI_cinit_table @ 00004060 records: 2, size/record: 8, table size: 16
	.data: load addr=00004018, load size=0000002e bytes, run addr=20000000, run size=00000834 bytes, compression=lzss
	.bss: load addr=00004058, load size=00000008 bytes, run addr=20000834, run size=00000076 bytes, compression=zero_init


LINKER GENERATED HANDLER TABLE

__TI_handler_table @ 00004048 records: 3, size/record: 4, table size: 12
	index: 0, handler: __TI_decompress_lzss
	index: 1, handler: __TI_decompress_none
	index: 2, handler: __TI_zero_init


GLOBAL SYMBOLS: SORTED ALPHABETICALLY BY Name 

address   name                          
-------   ----                          
0000396f  ADC14_IRQHandler              
00002e0f  ADXL345_GPIO_Init             
00002dbd  ADXL345_Init                  
00002e61  ADXL345_Port4_Interrupt_Enable
000028b1  ADXL345_SPI_Init              
00002961  ADXL345_SPI_Read              
00002911  ADXL345_SPI_Write             
0000396f  AES256_IRQHandler             
0000396f  BusFault_Handler              
00003989  C$$EXIT                       
0000396f  COMP_E0_IRQHandler            
0000396f  COMP_E1_IRQHandler            
00000149  CRC_8                         
0000396f  CS_IRQHandler                 
20000000  Cbfifo                        
000001a5  ClockSource_Init              
0000396f  DMA_ERR_IRQHandler            
0000396f  DMA_INT0_IRQHandler           
0000396f  DMA_INT1_IRQHandler           
0000396f  DMA_INT2_IRQHandler           
0000396f  DMA_INT3_IRQHandler           
0000396f  DebugMon_Handler              
0000396f  Default_Handler               
0000380f  DisplayBMP                    
00000659  ESP_Init                      
000005d5  ESP_Send                      
0000114b  EUSCIA0_IRQHandler            
0000114b  EUSCIA0_IRQHandler            
0000396f  EUSCIA1_IRQHandler            
0000396f  EUSCIA2_IRQHandler            
0000396f  EUSCIA3_IRQHandler            
0000396f  EUSCIB0_IRQHandler            
0000396f  EUSCIB1_IRQHandler            
0000396f  EUSCIB2_IRQHandler            
0000396f  EUSCIB3_IRQHandler            
00000433  Enable_Interrupts             
0000396f  FLCTL_IRQHandler              
0000396f  FPU_IRQHandler                
00000267  GPIO_Init                     
0000396f  HardFault_Handler             
00000301  I2C_Init                      
00000397  LCD_Init                      
0000396f  MemManage_Handler             
0000396f  NMI_Handler                   
00002707  PCD8544_Clear                 
000026c7  PCD8544_Command_Write         
000026ad  PCD8544_Data_Write            
00002677  PCD8544_Init                  
00003485  PCD8544_Putc                  
000034bd  PCD8544_Puts                  
000025f5  PCD8544_SPI_Init              
00002647  PCD8544_SPI_Write             
000026e1  PCD8544_SetCursor             
0000396f  PCM_IRQHandler                
00000ab5  PORT1_IRQHandler              
00000ab5  PORT1_IRQHandler              
00000b3d  PORT2_IRQHandler              
00000b3d  PORT2_IRQHandler              
0000396f  PORT3_IRQHandler              
000010f1  PORT4_IRQHandler              
000010f1  PORT4_IRQHandler              
0000396f  PORT5_IRQHandler              
0000396f  PORT6_IRQHandler              
0000396f  PSS_IRQHandler                
000001cb  PWM_Init                      
0000396f  PendSV_Handler                
0000396f  RTC_C_IRQHandler              
00003963  Reset_Handler                 
0000396f  SVC_Handler                   
00000221  Switch_Init                   
000011f1  SysTick_Handler               
000011f1  SysTick_Handler               
0000020b  SysTick_Init                  
20000830  SystemCoreClock               
00001cc9  SystemCoreClockUpdate         
00001f41  SystemInit                    
0000396f  T32_INT1_IRQHandler           
0000396f  T32_INT2_IRQHandler           
0000396f  T32_INTC_IRQHandler           
0000396f  TA0_0_IRQHandler              
0000396f  TA0_N_IRQHandler              
000011bb  TA1_0_IRQHandler              
000011bb  TA1_0_IRQHandler              
0000396f  TA1_N_IRQHandler              
0000396f  TA2_0_IRQHandler              
0000396f  TA2_N_IRQHandler              
0000396f  TA3_0_IRQHandler              
0000396f  TA3_N_IRQHandler              
000002b9  UART_Init                     
000003a9  Ultrasonic_GetData            
0000033f  Ultrasonic_Init               
0000396f  UsageFault_Handler            
4000480c  WDTCTL_SYM                    
0000396f  WDT_A_IRQHandler              
20010000  __STACK_END                   
00000200  __STACK_SIZE                  
00004060  __TI_CINIT_Base               
00004070  __TI_CINIT_Limit              
00004048  __TI_Handler_Table_Base       
00004054  __TI_Handler_Table_Limit      
0000374d  __TI_auto_init_nobinit_nopinit
000034f1  __TI_decompress_lzss          
00003955  __TI_decompress_none          
00003613  __TI_ltoa                     
ffffffff  __TI_pprof_out_hndl           
00001279  __TI_printfi                  
ffffffff  __TI_prof_data_size           
ffffffff  __TI_prof_data_start          
00000000  __TI_static_base__            
000038af  __TI_zero_init_nomemset       
00003291  __aeabi_cdcmpeq               
00003291  __aeabi_cdcmple               
00003317  __aeabi_cdrcmple              
00003705  __aeabi_d2iz                  
00002447  __aeabi_dadd                  
00002b35  __aeabi_ddiv                  
00002fb1  __aeabi_dmul                  
0000243d  __aeabi_dsub                  
0000397d  __aeabi_errno_addr            
00003881  __aeabi_i2d                   
00001cc7  __aeabi_idiv0                 
00001cc7  __aeabi_ldiv0                 
0000339d  __aeabi_memclr                
0000339d  __aeabi_memclr4               
0000339d  __aeabi_memclr8               
0000315f  __aeabi_memcpy                
0000315f  __aeabi_memcpy4               
0000315f  __aeabi_memcpy8               
0000339f  __aeabi_memset                
0000339f  __aeabi_memset4               
0000339f  __aeabi_memset8               
000031fb  __aeabi_uldivmod              
ffffffff  __binit__                     
ffffffff  __c_args__                    
UNDEFED   __mpu_init                    
2000fe00  __stack                       
20000000  __start___llvm_prf_cnts       
20000000  __stop___llvm_prf_cnts        
0000384d  _c_int00_noargs               
00003d64  _ctypes_                      
UNDEFED   _system_post_cinit            
00003985  _system_pre_init              
00003989  abort                         
000036b9  atoi                          
ffffffff  binit                         
00002899  cbfifo_capacity               
000027fb  cbfifo_dequeue                
00002767  cbfifo_enqueue                
00002885  cbfifo_length                 
0000046d  clear_buffer                  
200008a8  cmdptr                        
20000834  command                       
000038e7  copysign                      
000038e7  copysignl                     
20000898  cur_time                      
000000f7  delay_timer                   
2000082c  errno                         
00003b84  font_table                    
00003559  frexp                         
00003559  frexpl                        
000004cd  get_temp                      
00000000  interruptVectors              
00002ea1  ldexp                         
00002ea1  ldexpl                        
000007b5  main                          
000038cb  memccpy                       
0000315f  memcpy                        
000033a5  memset                        
2000089c  millis                        
200008a9  processflag                   
000000e5  putUART                       
200008a0  ref_time                      
00002ea1  scalbn                        
00002ea1  scalbnl                       
00003791  sprintf                       
00003919  strchr                        
0000392f  strlen                        
200008a4  ultra_read                    
00003943  wcslen                        


GLOBAL SYMBOLS: SORTED BY Symbol Address 

address   name                          
-------   ----                          
00000000  __TI_static_base__            
00000000  interruptVectors              
000000e5  putUART                       
000000f7  delay_timer                   
00000149  CRC_8                         
000001a5  ClockSource_Init              
000001cb  PWM_Init                      
00000200  __STACK_SIZE                  
0000020b  SysTick_Init                  
00000221  Switch_Init                   
00000267  GPIO_Init                     
000002b9  UART_Init                     
00000301  I2C_Init                      
0000033f  Ultrasonic_Init               
00000397  LCD_Init                      
000003a9  Ultrasonic_GetData            
00000433  Enable_Interrupts             
0000046d  clear_buffer                  
000004cd  get_temp                      
000005d5  ESP_Send                      
00000659  ESP_Init                      
000007b5  main                          
00000ab5  PORT1_IRQHandler              
00000ab5  PORT1_IRQHandler              
00000b3d  PORT2_IRQHandler              
00000b3d  PORT2_IRQHandler              
000010f1  PORT4_IRQHandler              
000010f1  PORT4_IRQHandler              
0000114b  EUSCIA0_IRQHandler            
0000114b  EUSCIA0_IRQHandler            
000011bb  TA1_0_IRQHandler              
000011bb  TA1_0_IRQHandler              
000011f1  SysTick_Handler               
000011f1  SysTick_Handler               
00001279  __TI_printfi                  
00001cc7  __aeabi_idiv0                 
00001cc7  __aeabi_ldiv0                 
00001cc9  SystemCoreClockUpdate         
00001f41  SystemInit                    
0000243d  __aeabi_dsub                  
00002447  __aeabi_dadd                  
000025f5  PCD8544_SPI_Init              
00002647  PCD8544_SPI_Write             
00002677  PCD8544_Init                  
000026ad  PCD8544_Data_Write            
000026c7  PCD8544_Command_Write         
000026e1  PCD8544_SetCursor             
00002707  PCD8544_Clear                 
00002767  cbfifo_enqueue                
000027fb  cbfifo_dequeue                
00002885  cbfifo_length                 
00002899  cbfifo_capacity               
000028b1  ADXL345_SPI_Init              
00002911  ADXL345_SPI_Write             
00002961  ADXL345_SPI_Read              
00002b35  __aeabi_ddiv                  
00002dbd  ADXL345_Init                  
00002e0f  ADXL345_GPIO_Init             
00002e61  ADXL345_Port4_Interrupt_Enable
00002ea1  ldexp                         
00002ea1  ldexpl                        
00002ea1  scalbn                        
00002ea1  scalbnl                       
00002fb1  __aeabi_dmul                  
0000315f  __aeabi_memcpy                
0000315f  __aeabi_memcpy4               
0000315f  __aeabi_memcpy8               
0000315f  memcpy                        
000031fb  __aeabi_uldivmod              
00003291  __aeabi_cdcmpeq               
00003291  __aeabi_cdcmple               
00003317  __aeabi_cdrcmple              
0000339d  __aeabi_memclr                
0000339d  __aeabi_memclr4               
0000339d  __aeabi_memclr8               
0000339f  __aeabi_memset                
0000339f  __aeabi_memset4               
0000339f  __aeabi_memset8               
000033a5  memset                        
00003485  PCD8544_Putc                  
000034bd  PCD8544_Puts                  
000034f1  __TI_decompress_lzss          
00003559  frexp                         
00003559  frexpl                        
00003613  __TI_ltoa                     
000036b9  atoi                          
00003705  __aeabi_d2iz                  
0000374d  __TI_auto_init_nobinit_nopinit
00003791  sprintf                       
0000380f  DisplayBMP                    
0000384d  _c_int00_noargs               
00003881  __aeabi_i2d                   
000038af  __TI_zero_init_nomemset       
000038cb  memccpy                       
000038e7  copysign                      
000038e7  copysignl                     
00003919  strchr                        
0000392f  strlen                        
00003943  wcslen                        
00003955  __TI_decompress_none          
00003963  Reset_Handler                 
0000396f  ADC14_IRQHandler              
0000396f  AES256_IRQHandler             
0000396f  BusFault_Handler              
0000396f  COMP_E0_IRQHandler            
0000396f  COMP_E1_IRQHandler            
0000396f  CS_IRQHandler                 
0000396f  DMA_ERR_IRQHandler            
0000396f  DMA_INT0_IRQHandler           
0000396f  DMA_INT1_IRQHandler           
0000396f  DMA_INT2_IRQHandler           
0000396f  DMA_INT3_IRQHandler           
0000396f  DebugMon_Handler              
0000396f  Default_Handler               
0000396f  EUSCIA1_IRQHandler            
0000396f  EUSCIA2_IRQHandler            
0000396f  EUSCIA3_IRQHandler            
0000396f  EUSCIB0_IRQHandler            
0000396f  EUSCIB1_IRQHandler            
0000396f  EUSCIB2_IRQHandler            
0000396f  EUSCIB3_IRQHandler            
0000396f  FLCTL_IRQHandler              
0000396f  FPU_IRQHandler                
0000396f  HardFault_Handler             
0000396f  MemManage_Handler             
0000396f  NMI_Handler                   
0000396f  PCM_IRQHandler                
0000396f  PORT3_IRQHandler              
0000396f  PORT5_IRQHandler              
0000396f  PORT6_IRQHandler              
0000396f  PSS_IRQHandler                
0000396f  PendSV_Handler                
0000396f  RTC_C_IRQHandler              
0000396f  SVC_Handler                   
0000396f  T32_INT1_IRQHandler           
0000396f  T32_INT2_IRQHandler           
0000396f  T32_INTC_IRQHandler           
0000396f  TA0_0_IRQHandler              
0000396f  TA0_N_IRQHandler              
0000396f  TA1_N_IRQHandler              
0000396f  TA2_0_IRQHandler              
0000396f  TA2_N_IRQHandler              
0000396f  TA3_0_IRQHandler              
0000396f  TA3_N_IRQHandler              
0000396f  UsageFault_Handler            
0000396f  WDT_A_IRQHandler              
0000397d  __aeabi_errno_addr            
00003985  _system_pre_init              
00003989  C$$EXIT                       
00003989  abort                         
00003b84  font_table                    
00003d64  _ctypes_                      
00004048  __TI_Handler_Table_Base       
00004054  __TI_Handler_Table_Limit      
00004060  __TI_CINIT_Base               
00004070  __TI_CINIT_Limit              
20000000  Cbfifo                        
20000000  __start___llvm_prf_cnts       
20000000  __stop___llvm_prf_cnts        
2000082c  errno                         
20000830  SystemCoreClock               
20000834  command                       
20000898  cur_time                      
2000089c  millis                        
200008a0  ref_time                      
200008a4  ultra_read                    
200008a8  cmdptr                        
200008a9  processflag                   
2000fe00  __stack                       
20010000  __STACK_END                   
4000480c  WDTCTL_SYM                    
ffffffff  __TI_pprof_out_hndl           
ffffffff  __TI_prof_data_size           
ffffffff  __TI_prof_data_start          
ffffffff  __binit__                     
ffffffff  __c_args__                    
ffffffff  binit                         
UNDEFED   __mpu_init                    
UNDEFED   _system_post_cinit            

[179 symbols]
