******************************************************************************
                  TI ARM Linker PC v20.2.2                     
******************************************************************************
>> Linked Sat Apr 24 13:27:54 2021

OUTPUT FILE NAME:   <ESD_Final_Project.out>
ENTRY POINT SYMBOL: "_c_int00_noargs"  address: 00003429


MEMORY CONFIGURATION

         name            origin    length      used     unused   attr    fill
----------------------  --------  ---------  --------  --------  ----  --------
  MAIN                  00000000   00040000  00003c49  0003c3b7  R  X
  INFO                  00200000   00004000  00000000  00004000  R  X
  SRAM_CODE             01000000   00010000  00000aaa  0000f556  RW X
  SRAM_DATA             20000000   00010000  00000aaa  0000f556  RW  


SEGMENT ALLOCATION MAP

run origin  load origin   length   init length attrs members
----------  ----------- ---------- ----------- ----- -------
00000000    00000000    00003c50   00003c50    r-x
  00000000    00000000    000000e4   000000e4    r-- .intvecs
  000000e4    000000e4    00003484   00003484    r-x .text
  00003568    00003568    00000689   00000689    r-- .const
  00003bf8    00003bf8    00000058   00000058    r-- .cinit
20000000    20000000    000008aa   00000000    rw-
  20000000    20000000    00000834   00000000    rw- .data
  20000834    20000834    00000076   00000000    rw- .bss
2000fe00    2000fe00    00000200   00000000    rw-
  2000fe00    2000fe00    00000200   00000000    rw- .stack


SECTION ALLOCATION MAP

 output                                  attributes/
section   page    origin      length       input sections
--------  ----  ----------  ----------   ----------------
.intvecs   0    00000000    000000e4     
                  00000000    000000e4     startup_msp432p401r_ccs.obj (.intvecs:retain)

.text      0    000000e4    00003484     
                  000000e4    00000fc8     main.obj (.text)
                  000010ac    00000a4e     rtsv7M4_T_le_v4SPD16_eabi.lib : _printfi.c.obj (.text:__TI_printfi)
                  00001afa    00000002                                   : div0.asm.obj (.text)
                  00001afc    00000334     system_msp432p401r.obj (.text)
                  00001e30    00000270     rtsv7M4_T_le_v4SPD16_eabi.lib : _printfi.c.obj (.text:_pconv_a)
                  000020a0    000001d0                                   : _printfi.c.obj (.text:_pconv_g)
                  00002270    000001b6                                   : fd_add_t2.asm.obj (.text)
                  00002426    00000002     --HOLE-- [fill = 0]
                  00002428    00000160     PCD8544_Core.obj (.text)
                  00002588    0000015c     cbfifo.obj (.text)
                  000026e4    0000013c     rtsv7M4_T_le_v4SPD16_eabi.lib : _printfi.c.obj (.text:_pconv_e)
                  00002820    00000136                                   : fd_div_t2.asm.obj (.text)
                  00002956    00000002     --HOLE-- [fill = 0]
                  00002958    00000124                                   : _printfi.c.obj (.text:fcvt)
                  00002a7c    00000110                                   : s_scalbn.c.obj (.text:scalbn)
                  00002b8c    000000fc                                   : fd_mul_t2.asm.obj (.text)
                  00002c88    000000b1                                   : _printfi.c.obj (.text:_ltostr)
                  00002d39    00000001     --HOLE-- [fill = 0]
                  00002d3a    0000009c                                   : memcpy_t2.asm.obj (.text)
                  00002dd6    00000096                                   : ull_div_t2.asm.obj (.text)
                  00002e6c    00000086                                   : fd_cmp_t2.asm.obj (.text:__aeabi_cdcmple)
                  00002ef2    00000086                                   : fd_cmp_t2.asm.obj (.text:__aeabi_cdrcmple)
                  00002f78    0000007a                                   : memset_t2.asm.obj (.text)
                  00002ff2    0000006e                                   : _printfi.c.obj (.text:_mcpy)
                  00003060    0000006c     PCD8544_Character.obj (.text)
                  000030cc    00000068     rtsv7M4_T_le_v4SPD16_eabi.lib : copy_decompress_lzss.c.obj (.text:decompress:lzss:__TI_decompress_lzss)
                  00003134    00000064                                   : s_frexp.c.obj (.text:frexp)
                  00003198    00000056                                   : _printfi.c.obj (.text:_pconv_f)
                  000031ee    00000054                                   : _ltoa.c.obj (.text:__TI_ltoa)
                  00003242    00000052                                   : _printfi.c.obj (.text:_ecpy)
                  00003294    0000004c                                   : atoi.c.obj (.text:atoi)
                  000032e0    00000048                                   : fd_toi_t2.asm.obj (.text)
                  00003328    00000044                                   : autoinit.c.obj (.text:__TI_auto_init_nobinit_nopinit:__TI_auto_init_nobinit_nopinit)
                  0000336c    00000040                                   : sprintf.c.obj (.text:sprintf)
                  000033ac    0000003e                                   : _printfi.c.obj (.text:_fcpy)
                  000033ea    0000003c     PCD8544_Pixel.obj (.text)
                  00003426    00000002     --HOLE-- [fill = 0]
                  00003428    00000034     rtsv7M4_T_le_v4SPD16_eabi.lib : boot_cortex_m.c.obj (.text:_c_int00_noargs:_c_int00_noargs)
                  0000345c    0000002e                                   : i_tofd_t2.asm.obj (.text)
                  0000348a    0000001c                                   : copy_zero_init.c.obj (.text:decompress:ZI:__TI_zero_init_nomemset:__TI_zero_init_nomemset)
                  000034a6    0000001c                                   : memccpy.c.obj (.text:memccpy)
                  000034c2    0000001a                                   : s_copysign.c.obj (.text:copysign)
                  000034dc    00000018                                   : sprintf.c.obj (.text:_outs)
                  000034f4    00000016                                   : strchr.c.obj (.text:strchr)
                  0000350a    00000014                                   : strlen.c.obj (.text:strlen)
                  0000351e    00000012                                   : wcslen.c.obj (.text:wcslen)
                  00003530    0000000e                                   : copy_decompress_none.c.obj (.text:decompress:none:__TI_decompress_none)
                  0000353e    0000000e     startup_msp432p401r_ccs.obj (.text)
                  0000354c    0000000a     rtsv7M4_T_le_v4SPD16_eabi.lib : sprintf.c.obj (.text:_outc)
                  00003556    00000002     --HOLE-- [fill = 0]
                  00003558    00000008                                   : errno.c.obj (.text:__aeabi_errno_addr)
                  00003560    00000004                                   : pre_init.c.obj (.text:_system_pre_init)
                  00003564    00000004                                   : exit.c.obj (.text:abort:abort)

.const     0    00003568    00000689     
                  00003568    000001f8     main.obj (.const:.string:logo)
                  00003760    000001e0     PCD8544_Character.obj (.const:font_table)
                  00003940    00000101     rtsv7M4_T_le_v4SPD16_eabi.lib : ctype.c.obj (.const:.string:_ctypes_)
                  00003a41    00000100     main.obj (.const:.string:crc_table)
                  00003b41    00000003     --HOLE-- [fill = 0]
                  00003b44    000000a8     main.obj (.const:.string)
                  00003bec    00000005     main.obj (.const:.string:$P$T0$1)

.cinit     0    00003bf8    00000058     
                  00003bf8    0000002e     (.cinit..data.load) [load image, compression = lzss]
                  00003c26    00000002     --HOLE-- [fill = 0]
                  00003c28    0000000c     (__TI_handler_table)
                  00003c34    00000004     --HOLE-- [fill = 0]
                  00003c38    00000008     (.cinit..bss.load) [load image, compression = zero_init]
                  00003c40    00000010     (__TI_cinit_table)

.init_array 
*          0    00000000    00000000     UNINITIALIZED

.binit     0    00000000    00000000     

.data      0    20000000    00000834     UNINITIALIZED
                  20000000    00000806     cbfifo.obj (.data:Cbfifo)
                  20000806    00000002     --HOLE--
                  20000808    00000024     main.obj (.data)
                  2000082c    00000004     rtsv7M4_T_le_v4SPD16_eabi.lib : errno.c.obj (.data)
                  20000830    00000004     system_msp432p401r.obj (.data)

.bss       0    20000834    00000076     UNINITIALIZED
                  20000834    00000064     (.common:command)
                  20000898    00000004     (.common:cur_time)
                  2000089c    00000004     (.common:millis)
                  200008a0    00000004     (.common:ref_time)
                  200008a4    00000004     (.common:ultra_read)
                  200008a8    00000001     (.common:cmdptr)
                  200008a9    00000001     (.common:processflag)

.stack     0    2000fe00    00000200     UNINITIALIZED
                  2000fe00    00000004     rtsv7M4_T_le_v4SPD16_eabi.lib : boot_cortex_m.c.obj (.stack)
                  2000fe04    000001fc     --HOLE--

__llvm_prf_cnts 
*          0    20000000    00000000     UNINITIALIZED

MODULE SUMMARY

       Module                        code    ro data   rw data
       ------                        ----    -------   -------
    .\
       main.obj                      4040    933       308    
       cbfifo.obj                    348     0         4108   
       system_msp432p401r.obj        820     0         8      
       PCD8544_Character.obj         108     480       0      
       PCD8544_Core.obj              352     0         0      
       startup_msp432p401r_ccs.obj   14      228       0      
       PCD8544_Pixel.obj             60      0         0      
    +--+-----------------------------+-------+---------+---------+
       Total:                        5742    1641      4424   
                                                              
    D:\Program Files\ccs\tools\compiler\ti-cgt-arm_20.2.2.LTS\lib\rtsv7M4_T_le_v4SPD16_eabi.lib
       _printfi.c.obj                4851    0         0      
       fd_add_t2.asm.obj             438     0         0      
       fd_div_t2.asm.obj             310     0         0      
       s_scalbn.c.obj                272     0         0      
       fd_cmp_t2.asm.obj             268     0         0      
       ctype.c.obj                   0       257       0      
       fd_mul_t2.asm.obj             252     0         0      
       memcpy_t2.asm.obj             156     0         0      
       ull_div_t2.asm.obj            150     0         0      
       memset_t2.asm.obj             122     0         0      
       copy_decompress_lzss.c.obj    104     0         0      
       s_frexp.c.obj                 100     0         0      
       sprintf.c.obj                 98      0         0      
       _ltoa.c.obj                   84      0         0      
       atoi.c.obj                    76      0         0      
       fd_toi_t2.asm.obj             72      0         0      
       autoinit.c.obj                68      0         0      
       boot_cortex_m.c.obj           52      0         0      
       i_tofd_t2.asm.obj             46      0         0      
       copy_zero_init.c.obj          28      0         0      
       memccpy.c.obj                 28      0         0      
       s_copysign.c.obj              26      0         0      
       strchr.c.obj                  22      0         0      
       strlen.c.obj                  20      0         0      
       wcslen.c.obj                  18      0         0      
       errno.c.obj                   8       0         8      
       copy_decompress_none.c.obj    14      0         0      
       exit.c.obj                    4       0         0      
       pre_init.c.obj                4       0         0      
       div0.asm.obj                  2       0         0      
    +--+-----------------------------+-------+---------+---------+
       Total:                        7693    257       8      
                                                              
       Stack:                        0       0         1024   
       Linker Generated:             0       82        0      
    +--+-----------------------------+-------+---------+---------+
       Grand Total:                  13435   1980      5456   


LINKER GENERATED COPY TABLES

__TI_cinit_table @ 00003c40 records: 2, size/record: 8, table size: 16
	.data: load addr=00003bf8, load size=0000002e bytes, run addr=20000000, run size=00000834 bytes, compression=lzss
	.bss: load addr=00003c38, load size=00000008 bytes, run addr=20000834, run size=00000076 bytes, compression=zero_init


LINKER GENERATED HANDLER TABLE

__TI_handler_table @ 00003c28 records: 3, size/record: 4, table size: 12
	index: 0, handler: __TI_decompress_lzss
	index: 1, handler: __TI_decompress_none
	index: 2, handler: __TI_zero_init


GLOBAL SYMBOLS: SORTED ALPHABETICALLY BY Name 

address   name                          
-------   ----                          
0000354b  ADC14_IRQHandler              
0000354b  AES256_IRQHandler             
0000354b  BusFault_Handler              
00003565  C$$EXIT                       
0000354b  COMP_E0_IRQHandler            
0000354b  COMP_E1_IRQHandler            
00000149  CRC_8                         
0000354b  CS_IRQHandler                 
20000000  Cbfifo                        
000001a5  ClockSource_Init              
0000354b  DMA_ERR_IRQHandler            
0000354b  DMA_INT0_IRQHandler           
0000354b  DMA_INT1_IRQHandler           
0000354b  DMA_INT2_IRQHandler           
0000354b  DMA_INT3_IRQHandler           
0000354b  DebugMon_Handler              
0000354b  Default_Handler               
000033eb  DisplayBMP                    
0000064d  ESP_Init                      
000005c5  ESP_Send                      
00000fa7  EUSCIA0_IRQHandler            
00000fa7  EUSCIA0_IRQHandler            
0000354b  EUSCIA1_IRQHandler            
0000354b  EUSCIA2_IRQHandler            
0000354b  EUSCIA3_IRQHandler            
0000354b  EUSCIB0_IRQHandler            
0000354b  EUSCIB1_IRQHandler            
0000354b  EUSCIB2_IRQHandler            
0000354b  EUSCIB3_IRQHandler            
00000433  Enable_Interrupts             
0000354b  FLCTL_IRQHandler              
0000354b  FPU_IRQHandler                
00000267  GPIO_Init                     
0000354b  HardFault_Handler             
00000301  I2C_Init                      
00000397  LCD_Init                      
0000354b  MemManage_Handler             
0000354b  NMI_Handler                   
0000253b  PCD8544_Clear                 
000024fb  PCD8544_Command_Write         
000024e1  PCD8544_Data_Write            
000024ab  PCD8544_Init                  
00003061  PCD8544_Putc                  
00003099  PCD8544_Puts                  
00002429  PCD8544_SPI_Init              
0000247b  PCD8544_SPI_Write             
00002515  PCD8544_SetCursor             
0000354b  PCM_IRQHandler                
00000a51  PORT1_IRQHandler              
00000a51  PORT1_IRQHandler              
00000ad9  PORT2_IRQHandler              
00000ad9  PORT2_IRQHandler              
0000354b  PORT3_IRQHandler              
0000354b  PORT4_IRQHandler              
0000354b  PORT5_IRQHandler              
0000354b  PORT6_IRQHandler              
0000354b  PSS_IRQHandler                
000001cb  PWM_Init                      
0000354b  PendSV_Handler                
0000354b  RTC_C_IRQHandler              
0000353f  Reset_Handler                 
0000354b  SVC_Handler                   
00000221  Switch_Init                   
0000104d  SysTick_Handler               
0000104d  SysTick_Handler               
0000020b  SysTick_Init                  
20000830  SystemCoreClock               
00001afd  SystemCoreClockUpdate         
00001d75  SystemInit                    
0000354b  T32_INT1_IRQHandler           
0000354b  T32_INT2_IRQHandler           
0000354b  T32_INTC_IRQHandler           
0000354b  TA0_0_IRQHandler              
0000354b  TA0_N_IRQHandler              
00001017  TA1_0_IRQHandler              
00001017  TA1_0_IRQHandler              
0000354b  TA1_N_IRQHandler              
0000354b  TA2_0_IRQHandler              
0000354b  TA2_N_IRQHandler              
0000354b  TA3_0_IRQHandler              
0000354b  TA3_N_IRQHandler              
000002b9  UART_Init                     
000003a9  Ultrasonic_GetData            
0000033f  Ultrasonic_Init               
0000354b  UsageFault_Handler            
4000480c  WDTCTL_SYM                    
0000354b  WDT_A_IRQHandler              
20010000  __STACK_END                   
00000200  __STACK_SIZE                  
00003c40  __TI_CINIT_Base               
00003c50  __TI_CINIT_Limit              
00003c28  __TI_Handler_Table_Base       
00003c34  __TI_Handler_Table_Limit      
00003329  __TI_auto_init_nobinit_nopinit
000030cd  __TI_decompress_lzss          
00003531  __TI_decompress_none          
000031ef  __TI_ltoa                     
ffffffff  __TI_pprof_out_hndl           
000010ad  __TI_printfi                  
ffffffff  __TI_prof_data_size           
ffffffff  __TI_prof_data_start          
00000000  __TI_static_base__            
0000348b  __TI_zero_init_nomemset       
00002e6d  __aeabi_cdcmpeq               
00002e6d  __aeabi_cdcmple               
00002ef3  __aeabi_cdrcmple              
000032e1  __aeabi_d2iz                  
0000227b  __aeabi_dadd                  
00002821  __aeabi_ddiv                  
00002b8d  __aeabi_dmul                  
00002271  __aeabi_dsub                  
00003559  __aeabi_errno_addr            
0000345d  __aeabi_i2d                   
00001afb  __aeabi_idiv0                 
00001afb  __aeabi_ldiv0                 
00002f79  __aeabi_memclr                
00002f79  __aeabi_memclr4               
00002f79  __aeabi_memclr8               
00002d3b  __aeabi_memcpy                
00002d3b  __aeabi_memcpy4               
00002d3b  __aeabi_memcpy8               
00002f7b  __aeabi_memset                
00002f7b  __aeabi_memset4               
00002f7b  __aeabi_memset8               
00002dd7  __aeabi_uldivmod              
ffffffff  __binit__                     
ffffffff  __c_args__                    
UNDEFED   __mpu_init                    
2000fe00  __stack                       
20000000  __start___llvm_prf_cnts       
20000000  __stop___llvm_prf_cnts        
00003429  _c_int00_noargs               
00003940  _ctypes_                      
UNDEFED   _system_post_cinit            
00003561  _system_pre_init              
00003565  abort                         
00003295  atoi                          
ffffffff  binit                         
000026cd  cbfifo_capacity               
0000262f  cbfifo_dequeue                
0000259b  cbfifo_enqueue                
000026b9  cbfifo_length                 
0000045d  clear_buffer                  
200008a8  cmdptr                        
20000834  command                       
000034c3  copysign                      
000034c3  copysignl                     
20000898  cur_time                      
000000f7  delay_timer                   
2000082c  errno                         
00003760  font_table                    
00003135  frexp                         
00003135  frexpl                        
000004bd  get_temp                      
00000000  interruptVectors              
00002a7d  ldexp                         
00002a7d  ldexpl                        
000007a9  main                          
000034a7  memccpy                       
00002d3b  memcpy                        
00002f81  memset                        
2000089c  millis                        
200008a9  processflag                   
000000e5  putUART                       
200008a0  ref_time                      
00002a7d  scalbn                        
00002a7d  scalbnl                       
0000336d  sprintf                       
000034f5  strchr                        
0000350b  strlen                        
200008a4  ultra_read                    
0000351f  wcslen                        


GLOBAL SYMBOLS: SORTED BY Symbol Address 

address   name                          
-------   ----                          
00000000  __TI_static_base__            
00000000  interruptVectors              
000000e5  putUART                       
000000f7  delay_timer                   
00000149  CRC_8                         
000001a5  ClockSource_Init              
000001cb  PWM_Init                      
00000200  __STACK_SIZE                  
0000020b  SysTick_Init                  
00000221  Switch_Init                   
00000267  GPIO_Init                     
000002b9  UART_Init                     
00000301  I2C_Init                      
0000033f  Ultrasonic_Init               
00000397  LCD_Init                      
000003a9  Ultrasonic_GetData            
00000433  Enable_Interrupts             
0000045d  clear_buffer                  
000004bd  get_temp                      
000005c5  ESP_Send                      
0000064d  ESP_Init                      
000007a9  main                          
00000a51  PORT1_IRQHandler              
00000a51  PORT1_IRQHandler              
00000ad9  PORT2_IRQHandler              
00000ad9  PORT2_IRQHandler              
00000fa7  EUSCIA0_IRQHandler            
00000fa7  EUSCIA0_IRQHandler            
00001017  TA1_0_IRQHandler              
00001017  TA1_0_IRQHandler              
0000104d  SysTick_Handler               
0000104d  SysTick_Handler               
000010ad  __TI_printfi                  
00001afb  __aeabi_idiv0                 
00001afb  __aeabi_ldiv0                 
00001afd  SystemCoreClockUpdate         
00001d75  SystemInit                    
00002271  __aeabi_dsub                  
0000227b  __aeabi_dadd                  
00002429  PCD8544_SPI_Init              
0000247b  PCD8544_SPI_Write             
000024ab  PCD8544_Init                  
000024e1  PCD8544_Data_Write            
000024fb  PCD8544_Command_Write         
00002515  PCD8544_SetCursor             
0000253b  PCD8544_Clear                 
0000259b  cbfifo_enqueue                
0000262f  cbfifo_dequeue                
000026b9  cbfifo_length                 
000026cd  cbfifo_capacity               
00002821  __aeabi_ddiv                  
00002a7d  ldexp                         
00002a7d  ldexpl                        
00002a7d  scalbn                        
00002a7d  scalbnl                       
00002b8d  __aeabi_dmul                  
00002d3b  __aeabi_memcpy                
00002d3b  __aeabi_memcpy4               
00002d3b  __aeabi_memcpy8               
00002d3b  memcpy                        
00002dd7  __aeabi_uldivmod              
00002e6d  __aeabi_cdcmpeq               
00002e6d  __aeabi_cdcmple               
00002ef3  __aeabi_cdrcmple              
00002f79  __aeabi_memclr                
00002f79  __aeabi_memclr4               
00002f79  __aeabi_memclr8               
00002f7b  __aeabi_memset                
00002f7b  __aeabi_memset4               
00002f7b  __aeabi_memset8               
00002f81  memset                        
00003061  PCD8544_Putc                  
00003099  PCD8544_Puts                  
000030cd  __TI_decompress_lzss          
00003135  frexp                         
00003135  frexpl                        
000031ef  __TI_ltoa                     
00003295  atoi                          
000032e1  __aeabi_d2iz                  
00003329  __TI_auto_init_nobinit_nopinit
0000336d  sprintf                       
000033eb  DisplayBMP                    
00003429  _c_int00_noargs               
0000345d  __aeabi_i2d                   
0000348b  __TI_zero_init_nomemset       
000034a7  memccpy                       
000034c3  copysign                      
000034c3  copysignl                     
000034f5  strchr                        
0000350b  strlen                        
0000351f  wcslen                        
00003531  __TI_decompress_none          
0000353f  Reset_Handler                 
0000354b  ADC14_IRQHandler              
0000354b  AES256_IRQHandler             
0000354b  BusFault_Handler              
0000354b  COMP_E0_IRQHandler            
0000354b  COMP_E1_IRQHandler            
0000354b  CS_IRQHandler                 
0000354b  DMA_ERR_IRQHandler            
0000354b  DMA_INT0_IRQHandler           
0000354b  DMA_INT1_IRQHandler           
0000354b  DMA_INT2_IRQHandler           
0000354b  DMA_INT3_IRQHandler           
0000354b  DebugMon_Handler              
0000354b  Default_Handler               
0000354b  EUSCIA1_IRQHandler            
0000354b  EUSCIA2_IRQHandler            
0000354b  EUSCIA3_IRQHandler            
0000354b  EUSCIB0_IRQHandler            
0000354b  EUSCIB1_IRQHandler            
0000354b  EUSCIB2_IRQHandler            
0000354b  EUSCIB3_IRQHandler            
0000354b  FLCTL_IRQHandler              
0000354b  FPU_IRQHandler                
0000354b  HardFault_Handler             
0000354b  MemManage_Handler             
0000354b  NMI_Handler                   
0000354b  PCM_IRQHandler                
0000354b  PORT3_IRQHandler              
0000354b  PORT4_IRQHandler              
0000354b  PORT5_IRQHandler              
0000354b  PORT6_IRQHandler              
0000354b  PSS_IRQHandler                
0000354b  PendSV_Handler                
0000354b  RTC_C_IRQHandler              
0000354b  SVC_Handler                   
0000354b  T32_INT1_IRQHandler           
0000354b  T32_INT2_IRQHandler           
0000354b  T32_INTC_IRQHandler           
0000354b  TA0_0_IRQHandler              
0000354b  TA0_N_IRQHandler              
0000354b  TA1_N_IRQHandler              
0000354b  TA2_0_IRQHandler              
0000354b  TA2_N_IRQHandler              
0000354b  TA3_0_IRQHandler              
0000354b  TA3_N_IRQHandler              
0000354b  UsageFault_Handler            
0000354b  WDT_A_IRQHandler              
00003559  __aeabi_errno_addr            
00003561  _system_pre_init              
00003565  C$$EXIT                       
00003565  abort                         
00003760  font_table                    
00003940  _ctypes_                      
00003c28  __TI_Handler_Table_Base       
00003c34  __TI_Handler_Table_Limit      
00003c40  __TI_CINIT_Base               
00003c50  __TI_CINIT_Limit              
20000000  Cbfifo                        
20000000  __start___llvm_prf_cnts       
20000000  __stop___llvm_prf_cnts        
2000082c  errno                         
20000830  SystemCoreClock               
20000834  command                       
20000898  cur_time                      
2000089c  millis                        
200008a0  ref_time                      
200008a4  ultra_read                    
200008a8  cmdptr                        
200008a9  processflag                   
2000fe00  __stack                       
20010000  __STACK_END                   
4000480c  WDTCTL_SYM                    
ffffffff  __TI_pprof_out_hndl           
ffffffff  __TI_prof_data_size           
ffffffff  __TI_prof_data_start          
ffffffff  __binit__                     
ffffffff  __c_args__                    
ffffffff  binit                         
UNDEFED   __mpu_init                    
UNDEFED   _system_post_cinit            

[172 symbols]
